../../Drivers/STM32N6xx_HAL_Driver/Inc/stm32n6xx_ll_bus.h:1407:22:LL_AHB4_GRP1_EnableClock	24	static
../../Drivers/STM32N6xx_HAL_Driver/Inc/stm32n6xx_ll_bus.h:1755:22:LL_AHB5_GRP1_EnableClock	24	static
../../Drivers/STM32N6xx_HAL_Driver/Inc/stm32n6xx_ll_bus.h:1891:22:LL_AHB5_GRP1_DisableClock	16	static
../../Drivers/STM32N6xx_HAL_Driver/Inc/stm32n6xx_ll_bus.h:2909:22:LL_APB2_GRP1_EnableClock	24	static
../../Drivers/STM32N6xx_HAL_Driver/Inc/stm32n6xx_ll_bus.h:2997:22:LL_APB2_GRP1_DisableClock	16	static
../Core/Src/stm32n6xx_hal_msp.c:63:6:HAL_MspInit	8	static
../Core/Src/stm32n6xx_hal_msp.c:87:6:HAL_UART_MspInit	440	static
../Core/Src/stm32n6xx_hal_msp.c:135:6:HAL_UART_MspDeInit	16	static
../Core/Src/stm32n6xx_hal_msp.c:164:6:HAL_XSPI_MspInit	440	static
../Core/Src/stm32n6xx_hal_msp.c:226:6:HAL_XSPI_MspDeInit	16	static
