Archive member included to satisfy reference by file (symbol)

C:/ST/STM32CubeIDE_1.17.0/STM32CubeIDE/plugins/com.st.stm32cube.ide.mcu.externaltools.gnu-tools-for-stm32.12.3.rel1.win32_1.1.0.202410251130/tools/bin/../lib/gcc/arm-none-eabi/12.3.1/../../../../arm-none-eabi/lib/thumb/v8-m.main+dp/hard\libc_nano.a(libc_a-exit.o)
                              C:/ST/STM32CubeIDE_1.17.0/STM32CubeIDE/plugins/com.st.stm32cube.ide.mcu.externaltools.gnu-tools-for-stm32.12.3.rel1.win32_1.1.0.202410251130/tools/bin/../lib/gcc/arm-none-eabi/12.3.1/../../../../arm-none-eabi/lib/thumb/v8-m.main+dp/hard/crt0.o (exit)
C:/ST/STM32CubeIDE_1.17.0/STM32CubeIDE/plugins/com.st.stm32cube.ide.mcu.externaltools.gnu-tools-for-stm32.12.3.rel1.win32_1.1.0.202410251130/tools/bin/../lib/gcc/arm-none-eabi/12.3.1/../../../../arm-none-eabi/lib/thumb/v8-m.main+dp/hard\libc_nano.a(libc_a-findfp.o)
                              C:/ST/STM32CubeIDE_1.17.0/STM32CubeIDE/plugins/com.st.stm32cube.ide.mcu.externaltools.gnu-tools-for-stm32.12.3.rel1.win32_1.1.0.202410251130/tools/bin/../lib/gcc/arm-none-eabi/12.3.1/../../../../arm-none-eabi/lib/thumb/v8-m.main+dp/hard\libc_nano.a(libc_a-exit.o) (__stdio_exit_handler)
C:/ST/STM32CubeIDE_1.17.0/STM32CubeIDE/plugins/com.st.stm32cube.ide.mcu.externaltools.gnu-tools-for-stm32.12.3.rel1.win32_1.1.0.202410251130/tools/bin/../lib/gcc/arm-none-eabi/12.3.1/../../../../arm-none-eabi/lib/thumb/v8-m.main+dp/hard\libc_nano.a(libc_a-fwalk.o)
                              C:/ST/STM32CubeIDE_1.17.0/STM32CubeIDE/plugins/com.st.stm32cube.ide.mcu.externaltools.gnu-tools-for-stm32.12.3.rel1.win32_1.1.0.202410251130/tools/bin/../lib/gcc/arm-none-eabi/12.3.1/../../../../arm-none-eabi/lib/thumb/v8-m.main+dp/hard\libc_nano.a(libc_a-findfp.o) (_fwalk_sglue)
C:/ST/STM32CubeIDE_1.17.0/STM32CubeIDE/plugins/com.st.stm32cube.ide.mcu.externaltools.gnu-tools-for-stm32.12.3.rel1.win32_1.1.0.202410251130/tools/bin/../lib/gcc/arm-none-eabi/12.3.1/../../../../arm-none-eabi/lib/thumb/v8-m.main+dp/hard\libc_nano.a(libc_a-puts.o)
                              ./Core/Src/main.o (puts)
C:/ST/STM32CubeIDE_1.17.0/STM32CubeIDE/plugins/com.st.stm32cube.ide.mcu.externaltools.gnu-tools-for-stm32.12.3.rel1.win32_1.1.0.202410251130/tools/bin/../lib/gcc/arm-none-eabi/12.3.1/../../../../arm-none-eabi/lib/thumb/v8-m.main+dp/hard\libc_nano.a(libc_a-stdio.o)
                              C:/ST/STM32CubeIDE_1.17.0/STM32CubeIDE/plugins/com.st.stm32cube.ide.mcu.externaltools.gnu-tools-for-stm32.12.3.rel1.win32_1.1.0.202410251130/tools/bin/../lib/gcc/arm-none-eabi/12.3.1/../../../../arm-none-eabi/lib/thumb/v8-m.main+dp/hard\libc_nano.a(libc_a-findfp.o) (__sread)
C:/ST/STM32CubeIDE_1.17.0/STM32CubeIDE/plugins/com.st.stm32cube.ide.mcu.externaltools.gnu-tools-for-stm32.12.3.rel1.win32_1.1.0.202410251130/tools/bin/../lib/gcc/arm-none-eabi/12.3.1/../../../../arm-none-eabi/lib/thumb/v8-m.main+dp/hard\libc_nano.a(libc_a-wbuf.o)
                              C:/ST/STM32CubeIDE_1.17.0/STM32CubeIDE/plugins/com.st.stm32cube.ide.mcu.externaltools.gnu-tools-for-stm32.12.3.rel1.win32_1.1.0.202410251130/tools/bin/../lib/gcc/arm-none-eabi/12.3.1/../../../../arm-none-eabi/lib/thumb/v8-m.main+dp/hard\libc_nano.a(libc_a-puts.o) (__swbuf_r)
C:/ST/STM32CubeIDE_1.17.0/STM32CubeIDE/plugins/com.st.stm32cube.ide.mcu.externaltools.gnu-tools-for-stm32.12.3.rel1.win32_1.1.0.202410251130/tools/bin/../lib/gcc/arm-none-eabi/12.3.1/../../../../arm-none-eabi/lib/thumb/v8-m.main+dp/hard\libc_nano.a(libc_a-wsetup.o)
                              C:/ST/STM32CubeIDE_1.17.0/STM32CubeIDE/plugins/com.st.stm32cube.ide.mcu.externaltools.gnu-tools-for-stm32.12.3.rel1.win32_1.1.0.202410251130/tools/bin/../lib/gcc/arm-none-eabi/12.3.1/../../../../arm-none-eabi/lib/thumb/v8-m.main+dp/hard\libc_nano.a(libc_a-puts.o) (__swsetup_r)
C:/ST/STM32CubeIDE_1.17.0/STM32CubeIDE/plugins/com.st.stm32cube.ide.mcu.externaltools.gnu-tools-for-stm32.12.3.rel1.win32_1.1.0.202410251130/tools/bin/../lib/gcc/arm-none-eabi/12.3.1/../../../../arm-none-eabi/lib/thumb/v8-m.main+dp/hard\libc_nano.a(libc_a-memset.o)
                              C:/ST/STM32CubeIDE_1.17.0/STM32CubeIDE/plugins/com.st.stm32cube.ide.mcu.externaltools.gnu-tools-for-stm32.12.3.rel1.win32_1.1.0.202410251130/tools/bin/../lib/gcc/arm-none-eabi/12.3.1/../../../../arm-none-eabi/lib/thumb/v8-m.main+dp/hard/crt0.o (memset)
C:/ST/STM32CubeIDE_1.17.0/STM32CubeIDE/plugins/com.st.stm32cube.ide.mcu.externaltools.gnu-tools-for-stm32.12.3.rel1.win32_1.1.0.202410251130/tools/bin/../lib/gcc/arm-none-eabi/12.3.1/../../../../arm-none-eabi/lib/thumb/v8-m.main+dp/hard\libc_nano.a(libc_a-closer.o)
                              C:/ST/STM32CubeIDE_1.17.0/STM32CubeIDE/plugins/com.st.stm32cube.ide.mcu.externaltools.gnu-tools-for-stm32.12.3.rel1.win32_1.1.0.202410251130/tools/bin/../lib/gcc/arm-none-eabi/12.3.1/../../../../arm-none-eabi/lib/thumb/v8-m.main+dp/hard\libc_nano.a(libc_a-stdio.o) (_close_r)
[...]
Memory Configuration

Name             Origin             Length             Attributes
ROM              0x34180400         0x0003fc00         xrw
RAM              0x341c0000         0x00040000         xrw
*default*        0x00000000         0xffffffff

Linker script and memory map

LOAD C:/ST/STM32CubeIDE_1.17.0/STM32CubeIDE/plugins/com.st.stm32cube.ide.mcu.externaltools.gnu-tools-for-stm32.12.3.rel1.win32_1.1.0.202410251130/tools/bin/../lib/gcc/arm-none-eabi/12.3.1/thumb/v8-m.main+dp/hard/crti.o
LOAD C:/ST/STM32CubeIDE_1.17.0/STM32CubeIDE/plugins/com.st.stm32cube.ide.mcu.externaltools.gnu-tools-for-stm32.12.3.rel1.win32_1.1.0.202410251130/tools/bin/../lib/gcc/arm-none-eabi/12.3.1/thumb/v8-m.main+dp/hard/crtbegin.o
LOAD C:/ST/STM32CubeIDE_1.17.0/STM32CubeIDE/plugins/com.st.stm32cube.ide.mcu.externaltools.gnu-tools-for-stm32.12.3.rel1.win32_1.1.0.202410251130/tools/bin/../lib/gcc/arm-none-eabi/12.3.1/../../../../arm-none-eabi/lib/thumb/v8-m.main+dp/hard/crt0.o
LOAD ./Core/Src/extmem_manager.o
LOAD ./Core/Src/main.o
LOAD ./Core/Src/stm32n6xx_hal_msp.o
LOAD ./Core/Src/stm32n6xx_it.o
LOAD ./Core/Src/syscalls.o
LOAD ./Core/Src/sysmem.o
LOAD ./Core/Src/system_stm32n6xx_fsbl.o
LOAD ./Core/Startup/startup_stm32n657x0hxq_fsbl.o
LOAD ./Drivers/STM32N6xx_HAL_Driver/stm32n6xx_hal.o
LOAD ./Drivers/STM32N6xx_HAL_Driver/stm32n6xx_hal_cortex.o
LOAD ./Drivers/STM32N6xx_HAL_Driver/stm32n6xx_hal_dma.o
LOAD ./Drivers/STM32N6xx_HAL_Driver/stm32n6xx_hal_dma_ex.o
LOAD ./Drivers/STM32N6xx_HAL_Driver/stm32n6xx_hal_exti.o
LOAD ./Drivers/STM32N6xx_HAL_Driver/stm32n6xx_hal_gpio.o
LOAD ./Drivers/STM32N6xx_HAL_Driver/stm32n6xx_hal_pwr.o
LOAD ./Drivers/STM32N6xx_HAL_Driver/stm32n6xx_hal_pwr_ex.o
LOAD ./Drivers/STM32N6xx_HAL_Driver/stm32n6xx_hal_rcc.o
LOAD ./Drivers/STM32N6xx_HAL_Driver/stm32n6xx_hal_rcc_ex.o
LOAD ./Drivers/STM32N6xx_HAL_Driver/stm32n6xx_hal_uart.o
LOAD ./Drivers/STM32N6xx_HAL_Driver/stm32n6xx_hal_uart_ex.o
LOAD ./Drivers/STM32N6xx_HAL_Driver/stm32n6xx_hal_xspi.o
LOAD ./Middlewares/ST/STM32_ExtMem_Manager/stm32_boot_lrun.o
LOAD ./Middlewares/ST/STM32_ExtMem_Manager/stm32_extmem.o
LOAD ./Middlewares/ST/STM32_ExtMem_Manager/stm32_psram_driver.o
LOAD ./Middlewares/ST/STM32_ExtMem_Manager/stm32_sal_sd.o
LOAD ./Middlewares/ST/STM32_ExtMem_Manager/stm32_sal_xspi.o
LOAD ./Middlewares/ST/STM32_ExtMem_Manager/stm32_sdcard_driver.o
LOAD ./Middlewares/ST/STM32_ExtMem_Manager/stm32_sfdp_data.o
LOAD ./Middlewares/ST/STM32_ExtMem_Manager/stm32_sfdp_driver.o
LOAD ./Middlewares/ST/STM32_ExtMem_Manager/stm32_user_driver.o
LOAD ./Middlewares/STDIO/Compiler/I O/STDOUT/USART/stdout_usart.o
START GROUP
LOAD C:/ST/STM32CubeIDE_1.17.0/STM32CubeIDE/plugins/com.st.stm32cube.ide.mcu.externaltools.gnu-tools-for-stm32.12.3.rel1.win32_1.1.0.202410251130/tools/bin/../lib/gcc/arm-none-eabi/12.3.1/../../../../arm-none-eabi/lib/thumb/v8-m.main+dp/hard\libc_nano.a
LOAD C:/ST/STM32CubeIDE_1.17.0/STM32CubeIDE/plugins/com.st.stm32cube.ide.mcu.externaltools.gnu-tools-for-stm32.12.3.rel1.win32_1.1.0.202410251130/tools/bin/../lib/gcc/arm-none-eabi/12.3.1/../../../../arm-none-eabi/lib/thumb/v8-m.main+dp/hard\libm.a
END GROUP
START GROUP
LOAD C:/ST/STM32CubeIDE_1.17.0/STM32CubeIDE/plugins/com.st.stm32cube.ide.mcu.externaltools.gnu-tools-for-stm32.12.3.rel1.win32_1.1.0.202410251130/tools/bin/../lib/gcc/arm-none-eabi/12.3.1/thumb/v8-m.main+dp/hard\libgcc.a
LOAD C:/ST/STM32CubeIDE_1.17.0/STM32CubeIDE/plugins/com.st.stm32cube.ide.mcu.externaltools.gnu-tools-for-stm32.12.3.rel1.win32_1.1.0.202410251130/tools/bin/../lib/gcc/arm-none-eabi/12.3.1/../../../../arm-none-eabi/lib/thumb/v8-m.main+dp/hard\libc_nano.a
END GROUP
START GROUP
LOAD C:/ST/STM32CubeIDE_1.17.0/STM32CubeIDE/plugins/com.st.stm32cube.ide.mcu.externaltools.gnu-tools-for-stm32.12.3.rel1.win32_1.1.0.202410251130/tools/bin/../lib/gcc/arm-none-eabi/12.3.1/thumb/v8-m.main+dp/hard\libgcc.a
LOAD C:/ST/STM32CubeIDE_1.17.0/STM32CubeIDE/plugins/com.st.stm32cube.ide.mcu.externaltools.gnu-tools-for-stm32.12.3.rel1.win32_1.1.0.202410251130/tools/bin/../lib/gcc/arm-none-eabi/12.3.1/../../../../arm-none-eabi/lib/thumb/v8-m.main+dp/hard\libc_nano.a
LOAD C:/ST/STM32CubeIDE_1.17.0/STM32CubeIDE/plugins/com.st.stm32cube.ide.mcu.externaltools.gnu-tools-for-stm32.12.3.rel1.win32_1.1.0.202410251130/tools/bin/../lib/gcc/arm-none-eabi/12.3.1/../../../../arm-none-eabi/lib/thumb/v8-m.main+dp/hard\libnosys.a
END GROUP
START GROUP
LOAD C:/ST/STM32CubeIDE_1.17.0/STM32CubeIDE/plugins/com.st.stm32cube.ide.mcu.externaltools.gnu-tools-for-stm32.12.3.rel1.win32_1.1.0.202410251130/tools/bin/../lib/gcc/arm-none-eabi/12.3.1/thumb/v8-m.main+dp/hard\libgcc.a
LOAD C:/ST/STM32CubeIDE_1.17.0/STM32CubeIDE/plugins/com.st.stm32cube.ide.mcu.externaltools.gnu-tools-for-stm32.12.3.rel1.win32_1.1.0.202410251130/tools/bin/../lib/gcc/arm-none-eabi/12.3.1/../../../../arm-none-eabi/lib/thumb/v8-m.main+dp/hard\libc_nano.a
LOAD C:/ST/STM32CubeIDE_1.17.0/STM32CubeIDE/plugins/com.st.stm32cube.ide.mcu.externaltools.gnu-tools-for-stm32.12.3.rel1.win32_1.1.0.202410251130/tools/bin/../lib/gcc/arm-none-eabi/12.3.1/../../../../arm-none-eabi/lib/thumb/v8-m.main+dp/hard\libnosys.a
END GROUP
LOAD C:/ST/STM32CubeIDE_1.17.0/STM32CubeIDE/plugins/com.st.stm32cube.ide.mcu.externaltools.gnu-tools-for-stm32.12.3.rel1.win32_1.1.0.202410251130/tools/bin/../lib/gcc/arm-none-eabi/12.3.1/thumb/v8-m.main+dp/hard/crtend.o
LOAD C:/ST/STM32CubeIDE_1.17.0/STM32CubeIDE/plugins/com.st.stm32cube.ide.mcu.externaltools.gnu-tools-for-stm32.12.3.rel1.win32_1.1.0.202410251130/tools/bin/../lib/gcc/arm-none-eabi/12.3.1/thumb/v8-m.main+dp/hard/crtn.o
                0x34200000                        _estack = (ORIGIN (RAM) + LENGTH (RAM))
                0x341ff800                        _sstack = (_estack - _Min_Stack_Size)
                0x00000200                        _Min_Heap_Size = 0x200
                0x00000800                        _Min_Stack_Size = 0x800

.isr_vector     0x34180400      0x34c
                0x34180400                        . = ALIGN (0x4)
 *(.isr_vector)
 .isr_vector    0x34180400      0x34c ./Core/Startup/startup_stm32n657x0hxq_fsbl.o
                0x34180400                g_pfnVectors
                0x3418074c                        . = ALIGN (0x4)

.text           0x3418074c    0x10104
                0x3418074c                        . = ALIGN (0x4)
 *(.text)
 .text          0x3418074c       0x40 C:/ST/STM32CubeIDE_1.17.0/STM32CubeIDE/plugins/com.st.stm32cube.ide.mcu.externaltools.gnu-tools-for-stm32.12.3.rel1.win32_1.1.0.202410251130/tools/bin/../lib/gcc/arm-none-eabi/12.3.1/thumb/v8-m.main+dp/hard/crtbegin.o
 .text          0x3418078c       0x30 C:/ST/STM32CubeIDE_1.17.0/STM32CubeIDE/plugins/com.st.stm32cube.ide.mcu.externaltools.gnu-tools-for-stm32.12.3.rel1.win32_1.1.0.202410251130/tools/bin/../lib/gcc/arm-none-eabi/12.3.1/thumb/v8-m.main+dp/hard\libgcc.a(_aeabi_uldivmod.o)
                0x3418078c                __aeabi_uldivmod
 .text          0x341807bc      0x2e4 C:/ST/STM32CubeIDE_1.17.0/STM32CubeIDE/plugins/com.st.stm32cube.ide.mcu.externaltools.gnu-tools-for-stm32.12.3.rel1.win32_1.1.0.202410251130/tools/bin/../lib/gcc/arm-none-eabi/12.3.1/thumb/v8-m.main+dp/hard\libgcc.a(_udivmoddi4.o)
                0x341807bc                __udivmoddi4
 .text          0x34180aa0        0x4 C:/ST/STM32CubeIDE_1.17.0/STM32CubeIDE/plugins/com.st.stm32cube.ide.mcu.externaltools.gnu-tools-for-stm32.12.3.rel1.win32_1.1.0.202410251130/tools/bin/../lib/gcc/arm-none-eabi/12.3.1/thumb/v8-m.main+dp/hard\libgcc.a(_dvmd_tls.o)
                0x34180aa0                __aeabi_idiv0
                0x34180aa0                __aeabi_ldiv0
 *(.text*)
 .text.MX_EXTMEM_MANAGER_Init
                0x34180aa4       0x44 ./Core/Src/extmem_manager.o
                0x34180aa4                MX_EXTMEM_MANAGER_Init
 .text.LL_AHB4_GRP1_EnableClock
                0x34180ae8       0x2c ./Core/Src/main.o
 .text.main     0x34180b14       0x3c ./Core/Src/main.o
                0x34180b14                main
 .text.SystemClock_Config
                0x34180b50      0x124 ./Core/Src/main.o
                0x34180b50                SystemClock_Config
 .text.MX_USART1_UART_Init
                0x34180c74       0x98 ./Core/Src/main.o
 .text.MX_XSPI2_Init
                0x34180d0c       0xb8 ./Core/Src/main.o
 .text.MX_GPIO_Init
                0x34180dc4       0x16 ./Core/Src/main.o
 .text.Error_Handler
                0x34180dda        0xc ./Core/Src/main.o
                0x34180dda                Error_Handler
 *fill*         0x34180de6        0x2 
 .text.LL_AHB4_GRP1_EnableClock
                0x34180de8       0x2c ./Core/Src/stm32n6xx_hal_msp.o
 .text.LL_AHB5_GRP1_EnableClock
                0x34180e14       0x2c ./Core/Src/stm32n6xx_hal_msp.o
 .text.LL_APB2_GRP1_EnableClock
                0x34180e40       0x2c ./Core/Src/stm32n6xx_hal_msp.o
 .text.HAL_MspInit
                0x34180e6c       0x10 ./Core/Src/stm32n6xx_hal_msp.o
                0x34180e6c                HAL_MspInit
 .text.HAL_UART_MspInit
                0x34180e7c       0xcc ./Core/Src/stm32n6xx_hal_msp.o
                0x34180e7c                HAL_UART_MspInit
 .text.HAL_XSPI_MspInit
                0x34180f48       0xf0 ./Core/Src/stm32n6xx_hal_msp.o
                0x34180f48                HAL_XSPI_MspInit
 .text.NMI_Handler
                0x34181038        0x8 ./Core/Src/stm32n6xx_it.o
                0x34181038                NMI_Handler
 .text.HardFault_Handler
                0x34181040        0x8 ./Core/Src/stm32n6xx_it.o
                0x34181040                HardFault_Handler
 .text.MemManage_Handler
                0x34181048        0x8 ./Core/Src/stm32n6xx_it.o
                0x34181048                MemManage_Handler
 .text.BusFault_Handler
                0x34181050        0x8 ./Core/Src/stm32n6xx_it.o
                0x34181050                BusFault_Handler
 .text.UsageFault_Handler
                0x34181058        0x8 ./Core/Src/stm32n6xx_it.o
                0x34181058                UsageFault_Handler
 .text.SecureFault_Handler
                0x34181060        0x8 ./Core/Src/stm32n6xx_it.o
                0x34181060                SecureFault_Handler
 .text.SVC_Handler
                0x34181068        0xe ./Core/Src/stm32n6xx_it.o
                0x34181068                SVC_Handler
 .text.DebugMon_Handler
                0x34181076        0xe ./Core/Src/stm32n6xx_it.o
                0x34181076                DebugMon_Handler
 .text.PendSV_Handler
                0x34181084        0xe ./Core/Src/stm32n6xx_it.o
                0x34181084                PendSV_Handler
 .text.SysTick_Handler
                0x34181092        0xc ./Core/Src/stm32n6xx_it.o
                0x34181092                SysTick_Handler
 .text._read    0x3418109e       0x3a ./Core/Src/syscalls.o
                0x3418109e                _read
 .text._close   0x341810d8       0x18 ./Core/Src/syscalls.o
                0x341810d8                _close
 .text._fstat   0x341810f0       0x20 ./Core/Src/syscalls.o
                0x341810f0                _fstat
 .text._isatty  0x34181110       0x16 ./Core/Src/syscalls.o
                0x34181110                _isatty
 .text._lseek   0x34181126       0x1a ./Core/Src/syscalls.o
                0x34181126                _lseek
 .text._sbrk    0x34181140       0x6c ./Core/Src/sysmem.o
                0x34181140                _sbrk
 .text.SystemInit
                0x341811ac      0x1cc ./Core/Src/system_stm32n6xx_fsbl.o
                0x341811ac                SystemInit
 .text.SystemCoreClockUpdate
                0x34181378      0x350 ./Core/Src/system_stm32n6xx_fsbl.o
                0x34181378                SystemCoreClockUpdate
 .text.SECURE_SystemCoreClockUpdate
                0x341816c8       0x2c ./Core/Src/system_stm32n6xx_fsbl.o
                0x341816c8                __acle_se_SECURE_SystemCoreClockUpdate
 .text.Reset_Handler
                0x341816f4       0x5c ./Core/Startup/startup_stm32n657x0hxq_fsbl.o
                0x341816f4                Reset_Handler
 .text.Default_Handler
                0x34181750        0x2 ./Core/Startup/startup_stm32n657x0hxq_fsbl.o
                0x34181750                HPDMA1_Channel13_IRQHandler
                0x34181750                EXTI2_IRQHandler
                0x34181750                MCE2_IRQHandler
                0x34181750                TIM8_CC_IRQHandler
                0x34181750                USB2_OTG_HS_IRQHandler
                0x34181750                SAI1_A_IRQHandler
                0x34181750                EXTI5_IRQHandler
                0x34181750                I3C1_ER_IRQHandler
                0x34181750                UART8_IRQHandler
                0x34181750                CTI_INT0_IRQHandler
                0x34181750                SPI4_IRQHandler
                0x34181750                LTDC_LO_IRQHandler
                0x34181750                NPU2_IRQHandler
                0x34181750                FDCAN3_IT0_IRQHandler
                0x34181750                EXTI13_IRQHandler
                0x34181750                TIM1_CC_IRQHandler
                0x34181750                XSPI1_IRQHandler
                0x34181750                TIM10_IRQHandler
                0x34181750                JPEG_IRQHandler
                0x34181750                TAMP_IRQHandler
                0x34181750                CACHE_ECC_IRQHandler
                0x34181750                TIM6_IRQHandler
                0x34181750                CSI_IRQHandler
                0x34181750                EXTI12_IRQHandler
                0x34181750                GFXTIM_IRQHandler
                0x34181750                EXTI3_IRQHandler
                0x34181750                LPTIM4_IRQHandler
                0x34181750                GPDMA1_Channel5_IRQHandler
                0x34181750                EXTI8_IRQHandler
                0x34181750                LPTIM2_IRQHandler
                0x34181750                GFXMMU_IRQHandler
                0x34181750                LTDC_LO_ERR_IRQHandler
                0x34181750                I2C3_ER_IRQHandler
                0x34181750                RIFSC_TAMPER_IRQHandler
                0x34181750                USART10_IRQHandler
                0x34181750                MDF1_FLT2_IRQHandler
                0x34181750                LPTIM3_IRQHandler
                0x34181750                SAI2_A_IRQHandler
                0x34181750                EXTI0_IRQHandler
                0x34181750                HPDMA1_Channel9_IRQHandler
                0x34181750                I2C2_EV_IRQHandler
                0x34181750                GPU2D_IRQHandler
                0x34181750                FPU_IRQHandler
                0x34181750                GPDMA1_Channel3_IRQHandler
                0x34181750                GPDMA1_Channel7_IRQHandler
                0x34181750                MDF1_FLT4_IRQHandler
                0x34181750                FDCAN1_IT1_IRQHandler
                0x34181750                HPDMA1_Channel3_IRQHandler
                0x34181750                ADC1_2_IRQHandler
                0x34181750                GPDMA1_Channel9_IRQHandler
                0x34181750                SPI1_IRQHandler
                0x34181750                CACHEAXI_IRQHandler
                0x34181750                SAI1_B_IRQHandler
                0x34181750                GPDMA1_Channel2_IRQHandler
                0x34181750                PAHB_ERR_IRQHandler
                0x34181750                TIM8_UP_IRQHandler
                0x34181750                RCC_S_IRQHandler
                0x34181750                MDF1_FLT1_IRQHandler
                0x34181750                LTDC_UP_IRQHandler
                0x34181750                LOCKUP_IRQHandler
                0x34181750                PKA_IRQHandler
                0x34181750                USART6_IRQHandler
                0x34181750                HPDMA1_Channel2_IRQHandler
                0x34181750                MDF1_FLT5_IRQHandler
                0x34181750                MCE4_IRQHandler
                0x34181750                I3C2_ER_IRQHandler
                0x34181750                EXTI15_IRQHandler
                0x34181750                TIM17_IRQHandler
                0x34181750                USART3_IRQHandler
                0x34181750                HPDMA1_Channel6_IRQHandler
                0x34181750                CRYP_IRQHandler
                0x34181750                RTC_IRQHandler
                0x34181750                XSPI2_IRQHandler
                0x34181750                EXTI9_IRQHandler
                0x34181750                IAC_IRQHandler
                0x34181750                HPDMA1_Channel0_IRQHandler
                0x34181750                LPTIM5_IRQHandler
                0x34181750                HPDMA1_Channel1_IRQHandler
                0x34181750                UART5_IRQHandler
                0x34181750                TIM4_IRQHandler
                0x34181750                NPU3_IRQHandler
                0x34181750                I3C2_EV_IRQHandler
                0x34181750                I2C1_EV_IRQHandler
                0x34181750                FDCAN_CU_IRQHandler
                0x34181750                GPDMA1_Channel12_IRQHandler
                0x34181750                HPDMA1_Channel7_IRQHandler
                0x34181750                GPDMA1_Channel1_IRQHandler
                0x34181750                TIM16_IRQHandler
                0x34181750                GPDMA1_Channel15_IRQHandler
                0x34181750                UART4_IRQHandler
                0x34181750                TCM_ECC_IRQHandler
                0x34181750                TIM3_IRQHandler
                0x34181750                RCC_IRQHandler
                0x34181750                UART9_IRQHandler
                0x34181750                NPU1_IRQHandler
                0x34181750                SAI2_B_IRQHandler
                0x34181750                Default_Handler
                0x34181750                GPDMA1_Channel8_IRQHandler
                0x34181750                HPDMA1_Channel8_IRQHandler
                0x34181750                TIM18_IRQHandler
                0x34181750                TIM14_IRQHandler
                0x34181750                TIM13_IRQHandler
                0x34181750                CTI_INT1_IRQHandler
                0x34181750                GPDMA1_Channel11_IRQHandler
                0x34181750                GPU2D_ER_IRQHandler
                0x34181750                SPI5_IRQHandler
                0x34181750                TIM12_IRQHandler
                0x34181750                TIM7_IRQHandler
                0x34181750                FDCAN3_IT1_IRQHandler
                0x34181750                HPDMA1_Channel10_IRQHandler
                0x34181750                SDMMC1_IRQHandler
                0x34181750                SAES_IRQHandler
                0x34181750                TIM5_IRQHandler
                0x34181750                UCPD1_IRQHandler
                0x34181750                GPDMA1_Channel0_IRQHandler
                0x34181750                I3C1_EV_IRQHandler
                0x34181750                HPDMA1_Channel5_IRQHandler
                0x34181750                TIM15_IRQHandler
                0x34181750                I2C3_EV_IRQHandler
                0x34181750                HPDMA1_Channel4_IRQHandler
                0x34181750                HPDMA1_Channel15_IRQHandler
                0x34181750                TIM9_IRQHandler
                0x34181750                ETH1_IRQHandler
                0x34181750                USB1_OTG_HS_IRQHandler
                0x34181750                PVD_PVM_IRQHandler
                0x34181750                SPI2_IRQHandler
                0x34181750                TIM1_TRG_CCU_IRQHandler
                0x34181750                HPDMA1_Channel11_IRQHandler
                0x34181750                EXTI14_IRQHandler
                0x34181750                EXTI11_IRQHandler
                0x34181750                VENC_IRQHandler
                0x34181750                GPDMA1_Channel14_IRQHandler
                0x34181750                EXTI4_IRQHandler
                0x34181750                RTC_S_IRQHandler
                0x34181750                GPDMA1_Channel13_IRQHandler
                0x34181750                RNG_IRQHandler
                0x34181750                XSPI3_IRQHandler
                0x34181750                FDCAN2_IT1_IRQHandler
                0x34181750                TIM1_UP_IRQHandler
                0x34181750                NPU0_IRQHandler
                0x34181750                BCK_ECC_IRQHandler
                0x34181750                WWDG_IRQHandler
                0x34181750                SPI6_IRQHandler
                0x34181750                MDIOS_IRQHandler
                0x34181750                I2C4_EV_IRQHandler
                0x34181750                FDCAN2_IT0_IRQHandler
                0x34181750                HPDMA1_Channel14_IRQHandler
                0x34181750                LPUART1_IRQHandler
                0x34181750                FDCAN1_IT0_IRQHandler
                0x34181750                MDF1_FLT0_IRQHandler
                0x34181750                TIM2_IRQHandler
                0x34181750                MCE3_IRQHandler
                0x34181750                GPDMA1_Channel4_IRQHandler
                0x34181750                EXTI7_IRQHandler
                0x34181750                DMA2D_IRQHandler
                0x34181750                TIM1_BRK_IRQHandler
                0x34181750                EXTI1_IRQHandler
                0x34181750                SDMMC2_IRQHandler
                0x34181750                TIM11_IRQHandler
                0x34181750                LTDC_UP_ERR_IRQHandler
                0x34181750                UART7_IRQHandler
                0x34181750                DTS_IRQHandler
                0x34181750                MDF1_FLT3_IRQHandler
                0x34181750                USART2_IRQHandler
                0x34181750                GPDMA1_Channel6_IRQHandler
                0x34181750                ADF1_FLT0_IRQHandler
                0x34181750                I2C2_ER_IRQHandler
                0x34181750                MCE1_IRQHandler
                0x34181750                SPDIFRX_IRQHandler
                0x34181750                TIM8_BRK_IRQHandler
                0x34181750                HPDMA1_Channel12_IRQHandler
                0x34181750                USART1_IRQHandler
                0x34181750                EXTI10_IRQHandler
                0x34181750                SPI3_IRQHandler
                0x34181750                WAKEUP_PIN_IRQHandler
                0x34181750                DCMIPP_IRQHandler
                0x34181750                I2C1_ER_IRQHandler
                0x34181750                FMC_IRQHandler
                0x34181750                EXTI6_IRQHandler
                0x34181750                LPTIM1_IRQHandler
                0x34181750                DCMI_PSSI_IRQHandler
                0x34181750                TIM8_TRG_CCU_IRQHandler
                0x34181750                I2C4_ER_IRQHandler
                0x34181750                GPDMA1_Channel10_IRQHandler
                0x34181750                ICACHE_IRQHandler
                0x34181750                HASH_IRQHandler
 .text.HAL_Init
                0x34181752       0x28 ./Drivers/STM32N6xx_HAL_Driver/stm32n6xx_hal.o
                0x34181752                HAL_Init
 *fill*         0x3418177a        0x2 
 .text.HAL_InitTick
                0x3418177c       0x6c ./Drivers/STM32N6xx_HAL_Driver/stm32n6xx_hal.o
                0x3418177c                HAL_InitTick
 .text.HAL_IncTick
                0x341817e8       0x28 ./Drivers/STM32N6xx_HAL_Driver/stm32n6xx_hal.o
                0x341817e8                HAL_IncTick
 .text.HAL_GetTick
                0x34181810       0x18 ./Drivers/STM32N6xx_HAL_Driver/stm32n6xx_hal.o
                0x34181810                HAL_GetTick
 .text.HAL_Delay
                0x34181828       0x48 ./Drivers/STM32N6xx_HAL_Driver/stm32n6xx_hal.o
                0x34181828                HAL_Delay
 .text.HAL_SuspendTick
                0x34181870       0x20 ./Drivers/STM32N6xx_HAL_Driver/stm32n6xx_hal.o
                0x34181870                HAL_SuspendTick
 .text.__NVIC_SetPriorityGrouping
                0x34181890       0x48 ./Drivers/STM32N6xx_HAL_Driver/stm32n6xx_hal_cortex.o
 .text.__NVIC_GetPriorityGrouping
                0x341818d8       0x1c ./Drivers/STM32N6xx_HAL_Driver/stm32n6xx_hal_cortex.o
 .text.__NVIC_SetPriority
                0x341818f4       0x54 ./Drivers/STM32N6xx_HAL_Driver/stm32n6xx_hal_cortex.o
 .text.NVIC_EncodePriority
                0x34181948       0x66 ./Drivers/STM32N6xx_HAL_Driver/stm32n6xx_hal_cortex.o
 *fill*         0x341819ae        0x2 
 .text.SysTick_Config
                0x341819b0       0x44 ./Drivers/STM32N6xx_HAL_Driver/stm32n6xx_hal_cortex.o
 .text.HAL_NVIC_SetPriorityGrouping
                0x341819f4       0x16 ./Drivers/STM32N6xx_HAL_Driver/stm32n6xx_hal_cortex.o
                0x341819f4                HAL_NVIC_SetPriorityGrouping
 .text.HAL_NVIC_SetPriority
                0x34181a0a       0x3a ./Drivers/STM32N6xx_HAL_Driver/stm32n6xx_hal_cortex.o
                0x34181a0a                HAL_NVIC_SetPriority
 .text.HAL_SYSTICK_Config
                0x34181a44       0x18 ./Drivers/STM32N6xx_HAL_Driver/stm32n6xx_hal_cortex.o
                0x34181a44                HAL_SYSTICK_Config
 .text.HAL_DMA_Abort
                0x34181a5c       0xf8 ./Drivers/STM32N6xx_HAL_Driver/stm32n6xx_hal_dma.o
                0x34181a5c                HAL_DMA_Abort
 .text.HAL_GPIO_Init
                0x34181b54      0x364 ./Drivers/STM32N6xx_HAL_Driver/stm32n6xx_hal_gpio.o
                0x34181b54                HAL_GPIO_Init
 .text.HAL_PWREx_ConfigSupply
                0x34181eb8       0x50 ./Drivers/STM32N6xx_HAL_Driver/stm32n6xx_hal_pwr_ex.o
                0x34181eb8                HAL_PWREx_ConfigSupply
 .text.HAL_PWREx_EnableVddIO2
                0x34181f08       0x20 ./Drivers/STM32N6xx_HAL_Driver/stm32n6xx_hal_pwr_ex.o
                0x34181f08                HAL_PWREx_EnableVddIO2
 .text.HAL_PWREx_EnableVddIO3
                0x34181f28       0x20 ./Drivers/STM32N6xx_HAL_Driver/stm32n6xx_hal_pwr_ex.o
                0x34181f28                HAL_PWREx_EnableVddIO3
 .text.LL_RCC_HSE_IsReady
                0x34181f48       0x24 ./Drivers/STM32N6xx_HAL_Driver/stm32n6xx_hal_rcc.o
 .text.LL_RCC_HSI_Enable
                0x34181f6c       0x1c ./Drivers/STM32N6xx_HAL_Driver/stm32n6xx_hal_rcc.o
 .text.LL_RCC_HSI_Disable
                0x34181f88       0x20 ./Drivers/STM32N6xx_HAL_Driver/stm32n6xx_hal_rcc.o
 .text.LL_RCC_HSI_IsReady
                0x34181fa8       0x24 ./Drivers/STM32N6xx_HAL_Driver/stm32n6xx_hal_rcc.o
 .text.LL_RCC_HSI_SetDivider
                0x34181fcc       0x28 ./Drivers/STM32N6xx_HAL_Driver/stm32n6xx_hal_rcc.o
 .text.LL_RCC_HSI_GetDivider
                0x34181ff4       0x1c ./Drivers/STM32N6xx_HAL_Driver/stm32n6xx_hal_rcc.o
 .text.LL_RCC_HSI_SetCalibTrimming
                0x34182010       0x2c ./Drivers/STM32N6xx_HAL_Driver/stm32n6xx_hal_rcc.o
 .text.LL_RCC_MSI_Enable
                0x3418203c       0x1c ./Drivers/STM32N6xx_HAL_Driver/stm32n6xx_hal_rcc.o
 .text.LL_RCC_MSI_Disable
                0x34182058       0x20 ./Drivers/STM32N6xx_HAL_Driver/stm32n6xx_hal_rcc.o
 .text.LL_RCC_MSI_IsReady
                0x34182078       0x24 ./Drivers/STM32N6xx_HAL_Driver/stm32n6xx_hal_rcc.o
 .text.LL_RCC_MSI_SetFrequency
                0x3418209c       0x28 ./Drivers/STM32N6xx_HAL_Driver/stm32n6xx_hal_rcc.o
 .text.LL_RCC_MSI_GetFrequency
                0x341820c4       0x1c ./Drivers/STM32N6xx_HAL_Driver/stm32n6xx_hal_rcc.o
 .text.LL_RCC_MSI_SetCalibTrimming
                0x341820e0       0x2c ./Drivers/STM32N6xx_HAL_Driver/stm32n6xx_hal_rcc.o
 .text.LL_RCC_LSE_IsReady
                0x3418210c       0x24 ./Drivers/STM32N6xx_HAL_Driver/stm32n6xx_hal_rcc.o
 .text.LL_RCC_LSI_Enable
                0x34182130       0x1c ./Drivers/STM32N6xx_HAL_Driver/stm32n6xx_hal_rcc.o
 .text.LL_RCC_LSI_Disable
                0x3418214c       0x20 ./Drivers/STM32N6xx_HAL_Driver/stm32n6xx_hal_rcc.o
 .text.LL_RCC_LSI_IsReady
                0x3418216c       0x1c ./Drivers/STM32N6xx_HAL_Driver/stm32n6xx_hal_rcc.o
 .text.LL_RCC_GetCpuClkSource
                0x34182188       0x1c ./Drivers/STM32N6xx_HAL_Driver/stm32n6xx_hal_rcc.o
 .text.LL_RCC_GetSysClkSource
                0x341821a4       0x1c ./Drivers/STM32N6xx_HAL_Driver/stm32n6xx_hal_rcc.o
 .text.LL_RCC_PLL1_GetSource
                0x341821c0       0x1c ./Drivers/STM32N6xx_HAL_Driver/stm32n6xx_hal_rcc.o
 .text.LL_RCC_PLL1_IsReady
                0x341821dc       0x28 ./Drivers/STM32N6xx_HAL_Driver/stm32n6xx_hal_rcc.o
 .text.LL_RCC_PLL1_IsEnabledBypass
                0x34182204       0x28 ./Drivers/STM32N6xx_HAL_Driver/stm32n6xx_hal_rcc.o
 .text.LL_RCC_PLL2_GetSource
                0x3418222c       0x1c ./Drivers/STM32N6xx_HAL_Driver/stm32n6xx_hal_rcc.o
 .text.LL_RCC_PLL2_IsReady
                0x34182248       0x28 ./Drivers/STM32N6xx_HAL_Driver/stm32n6xx_hal_rcc.o
 .text.LL_RCC_PLL2_IsEnabledBypass
                0x34182270       0x28 ./Drivers/STM32N6xx_HAL_Driver/stm32n6xx_hal_rcc.o
 .text.LL_RCC_PLL3_GetSource
                0x34182298       0x1c ./Drivers/STM32N6xx_HAL_Driver/stm32n6xx_hal_rcc.o
 .text.LL_RCC_PLL3_IsReady
                0x341822b4       0x28 ./Drivers/STM32N6xx_HAL_Driver/stm32n6xx_hal_rcc.o
 .text.LL_RCC_PLL3_IsEnabledBypass
                0x341822dc       0x28 ./Drivers/STM32N6xx_HAL_Driver/stm32n6xx_hal_rcc.o
 .text.LL_RCC_PLL4_GetSource
                0x34182304       0x1c ./Drivers/STM32N6xx_HAL_Driver/stm32n6xx_hal_rcc.o
 .text.LL_RCC_PLL4_IsReady
                0x34182320       0x28 ./Drivers/STM32N6xx_HAL_Driver/stm32n6xx_hal_rcc.o
 .text.LL_RCC_PLL4_IsEnabledBypass
                0x34182348       0x28 ./Drivers/STM32N6xx_HAL_Driver/stm32n6xx_hal_rcc.o
 .text.LL_RCC_IC1_Enable
                0x34182370       0x1c ./Drivers/STM32N6xx_HAL_Driver/stm32n6xx_hal_rcc.o
 .text.LL_RCC_IC1_GetSource
                0x3418238c       0x1c ./Drivers/STM32N6xx_HAL_Driver/stm32n6xx_hal_rcc.o
 .text.LL_RCC_IC1_GetDivider
                0x341823a8       0x20 ./Drivers/STM32N6xx_HAL_Driver/stm32n6xx_hal_rcc.o
 .text.LL_RCC_IC2_GetSource
                0x341823c8       0x1c ./Drivers/STM32N6xx_HAL_Driver/stm32n6xx_hal_rcc.o
 .text.LL_RCC_IC2_GetDivider
                0x341823e4       0x20 ./Drivers/STM32N6xx_HAL_Driver/stm32n6xx_hal_rcc.o
 .text.LL_RCC_IC6_GetSource
                0x34182404       0x1c ./Drivers/STM32N6xx_HAL_Driver/stm32n6xx_hal_rcc.o
 .text.LL_RCC_IC11_GetSource
                0x34182420       0x1c ./Drivers/STM32N6xx_HAL_Driver/stm32n6xx_hal_rcc.o
 .text.HAL_RCC_OscConfig
                0x3418243c      0x7c0 ./Drivers/STM32N6xx_HAL_Driver/stm32n6xx_hal_rcc.o
                0x3418243c                HAL_RCC_OscConfig
 .text.HAL_RCC_ClockConfig
                0x34182bfc      0x408 ./Drivers/STM32N6xx_HAL_Driver/stm32n6xx_hal_rcc.o
                0x34182bfc                HAL_RCC_ClockConfig
 .text.HAL_RCC_GetCpuClockFreq
                0x34183004       0xfc ./Drivers/STM32N6xx_HAL_Driver/stm32n6xx_hal_rcc.o
                0x34183004                HAL_RCC_GetCpuClockFreq
 .text.HAL_RCC_GetSysClockFreq
                0x34183100       0xfc ./Drivers/STM32N6xx_HAL_Driver/stm32n6xx_hal_rcc.o
                0x34183100                HAL_RCC_GetSysClockFreq
 .text.HAL_RCC_GetClockConfig
                0x341831fc       0xec ./Drivers/STM32N6xx_HAL_Driver/stm32n6xx_hal_rcc.o
                0x341831fc                HAL_RCC_GetClockConfig
 .text.RCC_PLL_Config
                0x341832e8      0x260 ./Drivers/STM32N6xx_HAL_Driver/stm32n6xx_hal_rcc.o
 .text.RCC_PLL_Enable
                0x34183548       0x58 ./Drivers/STM32N6xx_HAL_Driver/stm32n6xx_hal_rcc.o
 .text.RCC_PLL_IsNewConfig
                0x341835a0       0xf4 ./Drivers/STM32N6xx_HAL_Driver/stm32n6xx_hal_rcc.o
 .text.RCC_PLL_Source_IsReady
                0x34183694       0x74 ./Drivers/STM32N6xx_HAL_Driver/stm32n6xx_hal_rcc.o
 .text.RCC_IC_CheckPLLSources
                0x34183708      0x170 ./Drivers/STM32N6xx_HAL_Driver/stm32n6xx_hal_rcc.o
 .text.LL_RCC_HSE_SelectHSEAsDiv2Clock
                0x34183878       0x20 ./Drivers/STM32N6xx_HAL_Driver/stm32n6xx_hal_rcc_ex.o
 .text.LL_RCC_HSE_SelectHSEDiv2AsDiv2Clock
                0x34183898       0x20 ./Drivers/STM32N6xx_HAL_Driver/stm32n6xx_hal_rcc_ex.o
 .text.LL_RCC_HSE_IsSelectedHSEDiv2AsDiv2Clock
                0x341838b8       0x24 ./Drivers/STM32N6xx_HAL_Driver/stm32n6xx_hal_rcc_ex.o
 .text.LL_RCC_HSE_IsReady
                0x341838dc       0x24 ./Drivers/STM32N6xx_HAL_Driver/stm32n6xx_hal_rcc_ex.o
 .text.LL_RCC_HSI_IsReady
                0x34183900       0x24 ./Drivers/STM32N6xx_HAL_Driver/stm32n6xx_hal_rcc_ex.o
 .text.LL_RCC_HSI_GetDivider
                0x34183924       0x1c ./Drivers/STM32N6xx_HAL_Driver/stm32n6xx_hal_rcc_ex.o
 .text.LL_RCC_MSI_IsReady
                0x34183940       0x24 ./Drivers/STM32N6xx_HAL_Driver/stm32n6xx_hal_rcc_ex.o
 .text.LL_RCC_MSI_GetFrequency
                0x34183964       0x1c ./Drivers/STM32N6xx_HAL_Driver/stm32n6xx_hal_rcc_ex.o
 .text.LL_RCC_LSE_IsReady
                0x34183980       0x24 ./Drivers/STM32N6xx_HAL_Driver/stm32n6xx_hal_rcc_ex.o
 .text.LL_RCC_LSI_IsReady
                0x341839a4       0x1c ./Drivers/STM32N6xx_HAL_Driver/stm32n6xx_hal_rcc_ex.o
 .text.LL_RCC_GetAHBPrescaler
                0x341839c0       0x1c ./Drivers/STM32N6xx_HAL_Driver/stm32n6xx_hal_rcc_ex.o
 .text.LL_RCC_GetAPB1Prescaler
                0x341839dc       0x1c ./Drivers/STM32N6xx_HAL_Driver/stm32n6xx_hal_rcc_ex.o
 .text.LL_RCC_GetAPB2Prescaler
                0x341839f8       0x1c ./Drivers/STM32N6xx_HAL_Driver/stm32n6xx_hal_rcc_ex.o
 .text.LL_RCC_GetAPB4Prescaler
                0x34183a14       0x1c ./Drivers/STM32N6xx_HAL_Driver/stm32n6xx_hal_rcc_ex.o
 .text.LL_RCC_GetAPB5Prescaler
                0x34183a30       0x1c ./Drivers/STM32N6xx_HAL_Driver/stm32n6xx_hal_rcc_ex.o
 .text.LL_RCC_SetClockSource
                0x34183a4c       0x54 ./Drivers/STM32N6xx_HAL_Driver/stm32n6xx_hal_rcc_ex.o
 .text.LL_RCC_GetADCPrescaler
                0x34183aa0       0x1c ./Drivers/STM32N6xx_HAL_Driver/stm32n6xx_hal_rcc_ex.o
 .text.LL_RCC_SetADFClockSource
                0x34183abc       0x2c ./Drivers/STM32N6xx_HAL_Driver/stm32n6xx_hal_rcc_ex.o
 .text.LL_RCC_SetCLKPClockSource
                0x34183ae8       0x2c ./Drivers/STM32N6xx_HAL_Driver/stm32n6xx_hal_rcc_ex.o
 .text.LL_RCC_SetDCMIPPClockSource
                0x34183b14       0x2c ./Drivers/STM32N6xx_HAL_Driver/stm32n6xx_hal_rcc_ex.o
 .text.LL_RCC_SetETHClockSource
                0x34183b40       0x2c ./Drivers/STM32N6xx_HAL_Driver/stm32n6xx_hal_rcc_ex.o
 .text.LL_RCC_SetETHPHYInterface
                0x34183b6c       0x2c ./Drivers/STM32N6xx_HAL_Driver/stm32n6xx_hal_rcc_ex.o
 .text.LL_RCC_GetETH1PTPDivider
                0x34183b98       0x1c ./Drivers/STM32N6xx_HAL_Driver/stm32n6xx_hal_rcc_ex.o
 .text.LL_RCC_SetETHREFRXClockSource
                0x34183bb4       0x2c ./Drivers/STM32N6xx_HAL_Driver/stm32n6xx_hal_rcc_ex.o
 .text.LL_RCC_SetETHREFTXClockSource
                0x34183be0       0x2c ./Drivers/STM32N6xx_HAL_Driver/stm32n6xx_hal_rcc_ex.o
 .text.LL_RCC_SetFDCANClockSource
                0x34183c0c       0x2c ./Drivers/STM32N6xx_HAL_Driver/stm32n6xx_hal_rcc_ex.o
 .text.LL_RCC_SetFMCClockSource
                0x34183c38       0x2c ./Drivers/STM32N6xx_HAL_Driver/stm32n6xx_hal_rcc_ex.o
 .text.LL_RCC_SetI2CClockSource
                0x34183c64       0x16 ./Drivers/STM32N6xx_HAL_Driver/stm32n6xx_hal_rcc_ex.o
 .text.LL_RCC_SetI3CClockSource
                0x34183c7a       0x16 ./Drivers/STM32N6xx_HAL_Driver/stm32n6xx_hal_rcc_ex.o
 .text.LL_RCC_SetLPTIMClockSource
                0x34183c90       0x16 ./Drivers/STM32N6xx_HAL_Driver/stm32n6xx_hal_rcc_ex.o
 *fill*         0x34183ca6        0x2 
 .text.LL_RCC_SetLPUARTClockSource
                0x34183ca8       0x2c ./Drivers/STM32N6xx_HAL_Driver/stm32n6xx_hal_rcc_ex.o
 .text.LL_RCC_SetLTDCClockSource
                0x34183cd4       0x2c ./Drivers/STM32N6xx_HAL_Driver/stm32n6xx_hal_rcc_ex.o
 .text.LL_RCC_SetMDFClockSource
                0x34183d00       0x2c ./Drivers/STM32N6xx_HAL_Driver/stm32n6xx_hal_rcc_ex.o
 .text.LL_RCC_SetOTGPHYClockSource
                0x34183d2c       0x16 ./Drivers/STM32N6xx_HAL_Driver/stm32n6xx_hal_rcc_ex.o
 .text.LL_RCC_SetOTGPHYCKREFClockSource
                0x34183d42       0x16 ./Drivers/STM32N6xx_HAL_Driver/stm32n6xx_hal_rcc_ex.o
 .text.LL_RCC_SetPSSIClockSource
                0x34183d58       0x2c ./Drivers/STM32N6xx_HAL_Driver/stm32n6xx_hal_rcc_ex.o
 .text.LL_RCC_SetSAIClockSource
                0x34183d84       0x16 ./Drivers/STM32N6xx_HAL_Driver/stm32n6xx_hal_rcc_ex.o
 .text.LL_RCC_SetSDMMCClockSource
                0x34183d9a       0x16 ./Drivers/STM32N6xx_HAL_Driver/stm32n6xx_hal_rcc_ex.o
 .text.LL_RCC_SetSPDIFRXClockSource
                0x34183db0       0x2c ./Drivers/STM32N6xx_HAL_Driver/stm32n6xx_hal_rcc_ex.o
 .text.LL_RCC_SetSPIClockSource
                0x34183ddc       0x16 ./Drivers/STM32N6xx_HAL_Driver/stm32n6xx_hal_rcc_ex.o
 .text.LL_RCC_SetUSARTClockSource
                0x34183df2       0x16 ./Drivers/STM32N6xx_HAL_Driver/stm32n6xx_hal_rcc_ex.o
 .text.LL_RCC_SetXSPIClockSource
                0x34183e08       0x16 ./Drivers/STM32N6xx_HAL_Driver/stm32n6xx_hal_rcc_ex.o
 *fill*         0x34183e1e        0x2 
 .text.LL_RCC_GetClockSource
                0x34183e20       0x4c ./Drivers/STM32N6xx_HAL_Driver/stm32n6xx_hal_rcc_ex.o
 .text.LL_RCC_GetADCClockSource
                0x34183e6c       0x24 ./Drivers/STM32N6xx_HAL_Driver/stm32n6xx_hal_rcc_ex.o
 .text.LL_RCC_GetADFClockSource
                0x34183e90       0x24 ./Drivers/STM32N6xx_HAL_Driver/stm32n6xx_hal_rcc_ex.o
 .text.LL_RCC_GetCLKPClockSource
                0x34183eb4       0x24 ./Drivers/STM32N6xx_HAL_Driver/stm32n6xx_hal_rcc_ex.o
 .text.LL_RCC_GetDCMIPPClockSource
                0x34183ed8       0x24 ./Drivers/STM32N6xx_HAL_Driver/stm32n6xx_hal_rcc_ex.o
 .text.LL_RCC_GetETHClockSource
                0x34183efc       0x24 ./Drivers/STM32N6xx_HAL_Driver/stm32n6xx_hal_rcc_ex.o
 .text.LL_RCC_GetETHPTPClockSource
                0x34183f20       0x24 ./Drivers/STM32N6xx_HAL_Driver/stm32n6xx_hal_rcc_ex.o
 .text.LL_RCC_GetFDCANClockSource
                0x34183f44       0x24 ./Drivers/STM32N6xx_HAL_Driver/stm32n6xx_hal_rcc_ex.o
 .text.LL_RCC_GetFMCClockSource
                0x34183f68       0x24 ./Drivers/STM32N6xx_HAL_Driver/stm32n6xx_hal_rcc_ex.o
 .text.LL_RCC_GetI2CClockSource
                0x34183f8c       0x18 ./Drivers/STM32N6xx_HAL_Driver/stm32n6xx_hal_rcc_ex.o
 .text.LL_RCC_GetI3CClockSource
                0x34183fa4       0x18 ./Drivers/STM32N6xx_HAL_Driver/stm32n6xx_hal_rcc_ex.o
 .text.LL_RCC_GetLPTIMClockSource
                0x34183fbc       0x18 ./Drivers/STM32N6xx_HAL_Driver/stm32n6xx_hal_rcc_ex.o
 .text.LL_RCC_GetLPUARTClockSource
                0x34183fd4       0x24 ./Drivers/STM32N6xx_HAL_Driver/stm32n6xx_hal_rcc_ex.o
 .text.LL_RCC_GetLTDCClockSource
                0x34183ff8       0x24 ./Drivers/STM32N6xx_HAL_Driver/stm32n6xx_hal_rcc_ex.o
 .text.LL_RCC_GetMDFClockSource
                0x3418401c       0x24 ./Drivers/STM32N6xx_HAL_Driver/stm32n6xx_hal_rcc_ex.o
 .text.LL_RCC_GetPSSIClockSource
                0x34184040       0x24 ./Drivers/STM32N6xx_HAL_Driver/stm32n6xx_hal_rcc_ex.o
 .text.LL_RCC_GetSAIClockSource
                0x34184064       0x18 ./Drivers/STM32N6xx_HAL_Driver/stm32n6xx_hal_rcc_ex.o
 .text.LL_RCC_GetSDMMCClockSource
                0x3418407c       0x18 ./Drivers/STM32N6xx_HAL_Driver/stm32n6xx_hal_rcc_ex.o
 .text.LL_RCC_GetSPDIFRXClockSource
                0x34184094       0x24 ./Drivers/STM32N6xx_HAL_Driver/stm32n6xx_hal_rcc_ex.o
 .text.LL_RCC_GetSPIClockSource
                0x341840b8       0x18 ./Drivers/STM32N6xx_HAL_Driver/stm32n6xx_hal_rcc_ex.o
 .text.LL_RCC_GetUSARTClockSource
                0x341840d0       0x18 ./Drivers/STM32N6xx_HAL_Driver/stm32n6xx_hal_rcc_ex.o
 .text.LL_RCC_GetUARTClockSource
                0x341840e8       0x18 ./Drivers/STM32N6xx_HAL_Driver/stm32n6xx_hal_rcc_ex.o
 .text.LL_RCC_GetUSBClockSource
                0x34184100       0x18 ./Drivers/STM32N6xx_HAL_Driver/stm32n6xx_hal_rcc_ex.o
 .text.LL_RCC_GetXSPIClockSource
                0x34184118       0x18 ./Drivers/STM32N6xx_HAL_Driver/stm32n6xx_hal_rcc_ex.o
 .text.LL_RCC_SetRTCClockSource
                0x34184130       0x2c ./Drivers/STM32N6xx_HAL_Driver/stm32n6xx_hal_rcc_ex.o
 .text.LL_RCC_GetRTCClockSource
                0x3418415c       0x1c ./Drivers/STM32N6xx_HAL_Driver/stm32n6xx_hal_rcc_ex.o
 .text.LL_RCC_SetRTC_HSEPrescaler
                0x34184178       0x2c ./Drivers/STM32N6xx_HAL_Driver/stm32n6xx_hal_rcc_ex.o
 .text.LL_RCC_SetTIMPrescaler
                0x341841a4       0x2c ./Drivers/STM32N6xx_HAL_Driver/stm32n6xx_hal_rcc_ex.o
 .text.LL_RCC_GetTIMPrescaler
                0x341841d0       0x1c ./Drivers/STM32N6xx_HAL_Driver/stm32n6xx_hal_rcc_ex.o
 .text.LL_RCC_PLL1_GetSource
                0x341841ec       0x1c ./Drivers/STM32N6xx_HAL_Driver/stm32n6xx_hal_rcc_ex.o
 .text.LL_RCC_PLL1_IsReady
                0x34184208       0x28 ./Drivers/STM32N6xx_HAL_Driver/stm32n6xx_hal_rcc_ex.o
 .text.LL_RCC_PLL1_IsEnabledBypass
                0x34184230       0x28 ./Drivers/STM32N6xx_HAL_Driver/stm32n6xx_hal_rcc_ex.o
 .text.LL_RCC_PLL1_GetN
                0x34184258       0x20 ./Drivers/STM32N6xx_HAL_Driver/stm32n6xx_hal_rcc_ex.o
 .text.LL_RCC_PLL1_GetM
                0x34184278       0x20 ./Drivers/STM32N6xx_HAL_Driver/stm32n6xx_hal_rcc_ex.o
 .text.LL_RCC_PLL1_GetP1
                0x34184298       0x20 ./Drivers/STM32N6xx_HAL_Driver/stm32n6xx_hal_rcc_ex.o
 .text.LL_RCC_PLL1_GetP2
                0x341842b8       0x20 ./Drivers/STM32N6xx_HAL_Driver/stm32n6xx_hal_rcc_ex.o
 .text.LL_RCC_PLL1P_IsEnabled
                0x341842d8       0x28 ./Drivers/STM32N6xx_HAL_Driver/stm32n6xx_hal_rcc_ex.o
 .text.LL_RCC_PLL1_GetFRACN
                0x34184300       0x1c ./Drivers/STM32N6xx_HAL_Driver/stm32n6xx_hal_rcc_ex.o
 .text.LL_RCC_PLL2_GetSource
                0x3418431c       0x1c ./Drivers/STM32N6xx_HAL_Driver/stm32n6xx_hal_rcc_ex.o
 .text.LL_RCC_PLL2_IsReady
                0x34184338       0x28 ./Drivers/STM32N6xx_HAL_Driver/stm32n6xx_hal_rcc_ex.o
 .text.LL_RCC_PLL2_IsEnabledBypass
                0x34184360       0x28 ./Drivers/STM32N6xx_HAL_Driver/stm32n6xx_hal_rcc_ex.o
 .text.LL_RCC_PLL2_GetN
                0x34184388       0x20 ./Drivers/STM32N6xx_HAL_Driver/stm32n6xx_hal_rcc_ex.o
 .text.LL_RCC_PLL2_GetM
                0x341843a8       0x20 ./Drivers/STM32N6xx_HAL_Driver/stm32n6xx_hal_rcc_ex.o
 .text.LL_RCC_PLL2_GetP1
                0x341843c8       0x20 ./Drivers/STM32N6xx_HAL_Driver/stm32n6xx_hal_rcc_ex.o
 .text.LL_RCC_PLL2_GetP2
                0x341843e8       0x20 ./Drivers/STM32N6xx_HAL_Driver/stm32n6xx_hal_rcc_ex.o
 .text.LL_RCC_PLL2P_IsEnabled
                0x34184408       0x28 ./Drivers/STM32N6xx_HAL_Driver/stm32n6xx_hal_rcc_ex.o
 .text.LL_RCC_PLL2_GetFRACN
                0x34184430       0x1c ./Drivers/STM32N6xx_HAL_Driver/stm32n6xx_hal_rcc_ex.o
 .text.LL_RCC_PLL3_GetSource
                0x3418444c       0x1c ./Drivers/STM32N6xx_HAL_Driver/stm32n6xx_hal_rcc_ex.o
 .text.LL_RCC_PLL3_IsReady
                0x34184468       0x28 ./Drivers/STM32N6xx_HAL_Driver/stm32n6xx_hal_rcc_ex.o
 .text.LL_RCC_PLL3_IsEnabledBypass
                0x34184490       0x28 ./Drivers/STM32N6xx_HAL_Driver/stm32n6xx_hal_rcc_ex.o
 .text.LL_RCC_PLL3_GetN
                0x341844b8       0x20 ./Drivers/STM32N6xx_HAL_Driver/stm32n6xx_hal_rcc_ex.o
 .text.LL_RCC_PLL3_GetM
                0x341844d8       0x20 ./Drivers/STM32N6xx_HAL_Driver/stm32n6xx_hal_rcc_ex.o
 .text.LL_RCC_PLL3_GetP1
                0x341844f8       0x20 ./Drivers/STM32N6xx_HAL_Driver/stm32n6xx_hal_rcc_ex.o
 .text.LL_RCC_PLL3_GetP2
                0x34184518       0x20 ./Drivers/STM32N6xx_HAL_Driver/stm32n6xx_hal_rcc_ex.o
 .text.LL_RCC_PLL3P_IsEnabled
                0x34184538       0x28 ./Drivers/STM32N6xx_HAL_Driver/stm32n6xx_hal_rcc_ex.o
 .text.LL_RCC_PLL3_GetFRACN
                0x34184560       0x1c ./Drivers/STM32N6xx_HAL_Driver/stm32n6xx_hal_rcc_ex.o
 .text.LL_RCC_PLL4_GetSource
                0x3418457c       0x1c ./Drivers/STM32N6xx_HAL_Driver/stm32n6xx_hal_rcc_ex.o
 .text.LL_RCC_PLL4_IsReady
                0x34184598       0x28 ./Drivers/STM32N6xx_HAL_Driver/stm32n6xx_hal_rcc_ex.o
 .text.LL_RCC_PLL4_IsEnabledBypass
                0x341845c0       0x28 ./Drivers/STM32N6xx_HAL_Driver/stm32n6xx_hal_rcc_ex.o
 .text.LL_RCC_PLL4_GetN
                0x341845e8       0x20 ./Drivers/STM32N6xx_HAL_Driver/stm32n6xx_hal_rcc_ex.o
 .text.LL_RCC_PLL4_GetM
                0x34184608       0x20 ./Drivers/STM32N6xx_HAL_Driver/stm32n6xx_hal_rcc_ex.o
 .text.LL_RCC_PLL4_GetP1
                0x34184628       0x20 ./Drivers/STM32N6xx_HAL_Driver/stm32n6xx_hal_rcc_ex.o
 .text.LL_RCC_PLL4_GetP2
                0x34184648       0x20 ./Drivers/STM32N6xx_HAL_Driver/stm32n6xx_hal_rcc_ex.o
 .text.LL_RCC_PLL4P_IsEnabled
                0x34184668       0x28 ./Drivers/STM32N6xx_HAL_Driver/stm32n6xx_hal_rcc_ex.o
 .text.LL_RCC_PLL4_GetFRACN
                0x34184690       0x1c ./Drivers/STM32N6xx_HAL_Driver/stm32n6xx_hal_rcc_ex.o
 .text.LL_RCC_IC3_Enable
                0x341846ac       0x1c ./Drivers/STM32N6xx_HAL_Driver/stm32n6xx_hal_rcc_ex.o
 .text.LL_RCC_IC3_IsEnabled
                0x341846c8       0x28 ./Drivers/STM32N6xx_HAL_Driver/stm32n6xx_hal_rcc_ex.o
 .text.LL_RCC_IC3_GetSource
                0x341846f0       0x1c ./Drivers/STM32N6xx_HAL_Driver/stm32n6xx_hal_rcc_ex.o
 .text.LL_RCC_IC3_GetDivider
                0x3418470c       0x20 ./Drivers/STM32N6xx_HAL_Driver/stm32n6xx_hal_rcc_ex.o
 .text.LL_RCC_IC4_Enable
                0x3418472c       0x1c ./Drivers/STM32N6xx_HAL_Driver/stm32n6xx_hal_rcc_ex.o
 .text.LL_RCC_IC4_IsEnabled
                0x34184748       0x28 ./Drivers/STM32N6xx_HAL_Driver/stm32n6xx_hal_rcc_ex.o
 .text.LL_RCC_IC4_GetSource
                0x34184770       0x1c ./Drivers/STM32N6xx_HAL_Driver/stm32n6xx_hal_rcc_ex.o
 .text.LL_RCC_IC4_GetDivider
                0x3418478c       0x20 ./Drivers/STM32N6xx_HAL_Driver/stm32n6xx_hal_rcc_ex.o
 .text.LL_RCC_IC5_Enable
                0x341847ac       0x1c ./Drivers/STM32N6xx_HAL_Driver/stm32n6xx_hal_rcc_ex.o
 .text.LL_RCC_IC5_IsEnabled
                0x341847c8       0x28 ./Drivers/STM32N6xx_HAL_Driver/stm32n6xx_hal_rcc_ex.o
 .text.LL_RCC_IC5_GetSource
                0x341847f0       0x1c ./Drivers/STM32N6xx_HAL_Driver/stm32n6xx_hal_rcc_ex.o
 .text.LL_RCC_IC5_GetDivider
                0x3418480c       0x20 ./Drivers/STM32N6xx_HAL_Driver/stm32n6xx_hal_rcc_ex.o
 .text.LL_RCC_IC7_Enable
                0x3418482c       0x1c ./Drivers/STM32N6xx_HAL_Driver/stm32n6xx_hal_rcc_ex.o
 .text.LL_RCC_IC7_IsEnabled
                0x34184848       0x28 ./Drivers/STM32N6xx_HAL_Driver/stm32n6xx_hal_rcc_ex.o
 .text.LL_RCC_IC7_GetSource
                0x34184870       0x1c ./Drivers/STM32N6xx_HAL_Driver/stm32n6xx_hal_rcc_ex.o
 .text.LL_RCC_IC7_GetDivider
                0x3418488c       0x20 ./Drivers/STM32N6xx_HAL_Driver/stm32n6xx_hal_rcc_ex.o
 .text.LL_RCC_IC8_Enable
                0x341848ac       0x1c ./Drivers/STM32N6xx_HAL_Driver/stm32n6xx_hal_rcc_ex.o
 .text.LL_RCC_IC8_IsEnabled
                0x341848c8       0x28 ./Drivers/STM32N6xx_HAL_Driver/stm32n6xx_hal_rcc_ex.o
 .text.LL_RCC_IC8_GetSource
                0x341848f0       0x1c ./Drivers/STM32N6xx_HAL_Driver/stm32n6xx_hal_rcc_ex.o
 .text.LL_RCC_IC8_GetDivider
                0x3418490c       0x20 ./Drivers/STM32N6xx_HAL_Driver/stm32n6xx_hal_rcc_ex.o
 .text.LL_RCC_IC9_Enable
                0x3418492c       0x1c ./Drivers/STM32N6xx_HAL_Driver/stm32n6xx_hal_rcc_ex.o
 .text.LL_RCC_IC9_IsEnabled
                0x34184948       0x28 ./Drivers/STM32N6xx_HAL_Driver/stm32n6xx_hal_rcc_ex.o
 .text.LL_RCC_IC9_GetSource
                0x34184970       0x1c ./Drivers/STM32N6xx_HAL_Driver/stm32n6xx_hal_rcc_ex.o
 .text.LL_RCC_IC9_GetDivider
                0x3418498c       0x20 ./Drivers/STM32N6xx_HAL_Driver/stm32n6xx_hal_rcc_ex.o
 .text.LL_RCC_IC10_Enable
                0x341849ac       0x1c ./Drivers/STM32N6xx_HAL_Driver/stm32n6xx_hal_rcc_ex.o
 .text.LL_RCC_IC10_IsEnabled
                0x341849c8       0x28 ./Drivers/STM32N6xx_HAL_Driver/stm32n6xx_hal_rcc_ex.o
 .text.LL_RCC_IC10_GetSource
                0x341849f0       0x1c ./Drivers/STM32N6xx_HAL_Driver/stm32n6xx_hal_rcc_ex.o
 .text.LL_RCC_IC10_GetDivider
                0x34184a0c       0x20 ./Drivers/STM32N6xx_HAL_Driver/stm32n6xx_hal_rcc_ex.o
 .text.LL_RCC_IC12_Enable
                0x34184a2c       0x1c ./Drivers/STM32N6xx_HAL_Driver/stm32n6xx_hal_rcc_ex.o
 .text.LL_RCC_IC12_IsEnabled
                0x34184a48       0x28 ./Drivers/STM32N6xx_HAL_Driver/stm32n6xx_hal_rcc_ex.o
 .text.LL_RCC_IC12_GetSource
                0x34184a70       0x1c ./Drivers/STM32N6xx_HAL_Driver/stm32n6xx_hal_rcc_ex.o
 .text.LL_RCC_IC12_GetDivider
                0x34184a8c       0x20 ./Drivers/STM32N6xx_HAL_Driver/stm32n6xx_hal_rcc_ex.o
 .text.LL_RCC_IC13_Enable
                0x34184aac       0x1c ./Drivers/STM32N6xx_HAL_Driver/stm32n6xx_hal_rcc_ex.o
 .text.LL_RCC_IC13_IsEnabled
                0x34184ac8       0x28 ./Drivers/STM32N6xx_HAL_Driver/stm32n6xx_hal_rcc_ex.o
 .text.LL_RCC_IC13_GetSource
                0x34184af0       0x1c ./Drivers/STM32N6xx_HAL_Driver/stm32n6xx_hal_rcc_ex.o
 .text.LL_RCC_IC13_GetDivider
                0x34184b0c       0x20 ./Drivers/STM32N6xx_HAL_Driver/stm32n6xx_hal_rcc_ex.o
 .text.LL_RCC_IC14_Enable
                0x34184b2c       0x1c ./Drivers/STM32N6xx_HAL_Driver/stm32n6xx_hal_rcc_ex.o
 .text.LL_RCC_IC14_IsEnabled
                0x34184b48       0x28 ./Drivers/STM32N6xx_HAL_Driver/stm32n6xx_hal_rcc_ex.o
 .text.LL_RCC_IC14_GetSource
                0x34184b70       0x1c ./Drivers/STM32N6xx_HAL_Driver/stm32n6xx_hal_rcc_ex.o
 .text.LL_RCC_IC14_GetDivider
                0x34184b8c       0x20 ./Drivers/STM32N6xx_HAL_Driver/stm32n6xx_hal_rcc_ex.o
 .text.LL_RCC_IC15_Enable
                0x34184bac       0x1c ./Drivers/STM32N6xx_HAL_Driver/stm32n6xx_hal_rcc_ex.o
 .text.LL_RCC_IC15_IsEnabled
                0x34184bc8       0x28 ./Drivers/STM32N6xx_HAL_Driver/stm32n6xx_hal_rcc_ex.o
 .text.LL_RCC_IC15_GetSource
                0x34184bf0       0x1c ./Drivers/STM32N6xx_HAL_Driver/stm32n6xx_hal_rcc_ex.o
 .text.LL_RCC_IC15_GetDivider
                0x34184c0c       0x20 ./Drivers/STM32N6xx_HAL_Driver/stm32n6xx_hal_rcc_ex.o
 .text.LL_RCC_IC16_Enable
                0x34184c2c       0x1c ./Drivers/STM32N6xx_HAL_Driver/stm32n6xx_hal_rcc_ex.o
 .text.LL_RCC_IC16_IsEnabled
                0x34184c48       0x28 ./Drivers/STM32N6xx_HAL_Driver/stm32n6xx_hal_rcc_ex.o
 .text.LL_RCC_IC16_GetSource
                0x34184c70       0x1c ./Drivers/STM32N6xx_HAL_Driver/stm32n6xx_hal_rcc_ex.o
 .text.LL_RCC_IC16_GetDivider
                0x34184c8c       0x20 ./Drivers/STM32N6xx_HAL_Driver/stm32n6xx_hal_rcc_ex.o
 .text.LL_RCC_IC17_Enable
                0x34184cac       0x1c ./Drivers/STM32N6xx_HAL_Driver/stm32n6xx_hal_rcc_ex.o
 .text.LL_RCC_IC17_IsEnabled
                0x34184cc8       0x28 ./Drivers/STM32N6xx_HAL_Driver/stm32n6xx_hal_rcc_ex.o
 .text.LL_RCC_IC17_GetSource
                0x34184cf0       0x1c ./Drivers/STM32N6xx_HAL_Driver/stm32n6xx_hal_rcc_ex.o
 .text.LL_RCC_IC17_GetDivider
                0x34184d0c       0x20 ./Drivers/STM32N6xx_HAL_Driver/stm32n6xx_hal_rcc_ex.o
 .text.LL_RCC_IC18_Enable
                0x34184d2c       0x1c ./Drivers/STM32N6xx_HAL_Driver/stm32n6xx_hal_rcc_ex.o
 .text.LL_RCC_IC18_IsEnabled
                0x34184d48       0x28 ./Drivers/STM32N6xx_HAL_Driver/stm32n6xx_hal_rcc_ex.o
 .text.LL_RCC_IC18_GetSource
                0x34184d70       0x1c ./Drivers/STM32N6xx_HAL_Driver/stm32n6xx_hal_rcc_ex.o
 .text.LL_RCC_IC18_GetDivider
                0x34184d8c       0x20 ./Drivers/STM32N6xx_HAL_Driver/stm32n6xx_hal_rcc_ex.o
 .text.LL_RCC_IC19_Enable
                0x34184dac       0x1c ./Drivers/STM32N6xx_HAL_Driver/stm32n6xx_hal_rcc_ex.o
 .text.LL_RCC_IC19_IsEnabled
                0x34184dc8       0x28 ./Drivers/STM32N6xx_HAL_Driver/stm32n6xx_hal_rcc_ex.o
 .text.LL_RCC_IC19_GetSource
                0x34184df0       0x1c ./Drivers/STM32N6xx_HAL_Driver/stm32n6xx_hal_rcc_ex.o
 .text.LL_RCC_IC19_GetDivider
                0x34184e0c       0x20 ./Drivers/STM32N6xx_HAL_Driver/stm32n6xx_hal_rcc_ex.o
 .text.LL_RCC_IC20_Enable
                0x34184e2c       0x1c ./Drivers/STM32N6xx_HAL_Driver/stm32n6xx_hal_rcc_ex.o
 .text.LL_RCC_IC20_IsEnabled
                0x34184e48       0x28 ./Drivers/STM32N6xx_HAL_Driver/stm32n6xx_hal_rcc_ex.o
 .text.LL_RCC_IC20_GetSource
                0x34184e70       0x1c ./Drivers/STM32N6xx_HAL_Driver/stm32n6xx_hal_rcc_ex.o
 .text.LL_RCC_IC20_GetDivider
                0x34184e8c       0x20 ./Drivers/STM32N6xx_HAL_Driver/stm32n6xx_hal_rcc_ex.o
 .text.LL_RCC_CLKP_Enable
                0x34184eac       0x1c ./Drivers/STM32N6xx_HAL_Driver/stm32n6xx_hal_rcc_ex.o
 .text.LL_RCC_CLKP_IsEnabled
                0x34184ec8       0x28 ./Drivers/STM32N6xx_HAL_Driver/stm32n6xx_hal_rcc_ex.o
 .text.HAL_RCCEx_PeriphCLKConfig
                0x34184ef0     0x25c8 ./Drivers/STM32N6xx_HAL_Driver/stm32n6xx_hal_rcc_ex.o
                0x34184ef0                HAL_RCCEx_PeriphCLKConfig
 .text.HAL_RCCEx_GetPeriphCLKFreq
                0x341874b8      0x938 ./Drivers/STM32N6xx_HAL_Driver/stm32n6xx_hal_rcc_ex.o
                0x341874b8                HAL_RCCEx_GetPeriphCLKFreq
 .text.HAL_RCCEx_GetPLL1CLKFreq
                0x34187df0       0x8c ./Drivers/STM32N6xx_HAL_Driver/stm32n6xx_hal_rcc_ex.o
                0x34187df0                HAL_RCCEx_GetPLL1CLKFreq
 .text.HAL_RCCEx_GetPLL2CLKFreq
                0x34187e7c       0x8c ./Drivers/STM32N6xx_HAL_Driver/stm32n6xx_hal_rcc_ex.o
                0x34187e7c                HAL_RCCEx_GetPLL2CLKFreq
 .text.HAL_RCCEx_GetPLL3CLKFreq
                0x34187f08       0x8c ./Drivers/STM32N6xx_HAL_Driver/stm32n6xx_hal_rcc_ex.o
                0x34187f08                HAL_RCCEx_GetPLL3CLKFreq
 .text.HAL_RCCEx_GetPLL4CLKFreq
                0x34187f94       0x8c ./Drivers/STM32N6xx_HAL_Driver/stm32n6xx_hal_rcc_ex.o
                0x34187f94                HAL_RCCEx_GetPLL4CLKFreq
 .text.RCCEx_GetHCLKFreq
                0x34188020       0x22 ./Drivers/STM32N6xx_HAL_Driver/stm32n6xx_hal_rcc_ex.o
 .text.RCCEx_GetPCLK1Freq
                0x34188042       0x20 ./Drivers/STM32N6xx_HAL_Driver/stm32n6xx_hal_rcc_ex.o
 .text.RCCEx_GetPCLK2Freq
                0x34188062       0x22 ./Drivers/STM32N6xx_HAL_Driver/stm32n6xx_hal_rcc_ex.o
 .text.RCCEx_GetPCLK4Freq
                0x34188084       0x22 ./Drivers/STM32N6xx_HAL_Driver/stm32n6xx_hal_rcc_ex.o
 .text.RCCEx_GetPCLK5Freq
                0x341880a6       0x22 ./Drivers/STM32N6xx_HAL_Driver/stm32n6xx_hal_rcc_ex.o
 .text.RCCEx_GetPLLSourceFreq
                0x341880c8       0xbc ./Drivers/STM32N6xx_HAL_Driver/stm32n6xx_hal_rcc_ex.o
 .text.RCCEx_CalcPLLFreq
                0x34188184       0x98 ./Drivers/STM32N6xx_HAL_Driver/stm32n6xx_hal_rcc_ex.o
 .text.RCCEx_GetADCCLKFreq
                0x3418821c      0x204 ./Drivers/STM32N6xx_HAL_Driver/stm32n6xx_hal_rcc_ex.o
 .text.RCCEx_GetADFCLKFreq
                0x34188420      0x1d8 ./Drivers/STM32N6xx_HAL_Driver/stm32n6xx_hal_rcc_ex.o
 .text.RCCEx_GetCLKPCLKFreq
                0x341885f8      0x36c ./Drivers/STM32N6xx_HAL_Driver/stm32n6xx_hal_rcc_ex.o
 .text.RCCEx_GetCSICLKFreq
                0x34188964       0x98 ./Drivers/STM32N6xx_HAL_Driver/stm32n6xx_hal_rcc_ex.o
 .text.RCCEx_GetDCMIPPCLKFreq
                0x341889fc      0x114 ./Drivers/STM32N6xx_HAL_Driver/stm32n6xx_hal_rcc_ex.o
 .text.RCCEx_GetETH1CLKFreq
                0x34188b10      0x100 ./Drivers/STM32N6xx_HAL_Driver/stm32n6xx_hal_rcc_ex.o
 .text.RCCEx_GetETH1PTPCLKFreq
                0x34188c10      0x108 ./Drivers/STM32N6xx_HAL_Driver/stm32n6xx_hal_rcc_ex.o
 .text.RCCEx_GetFDCANCLKFreq
                0x34188d18      0x100 ./Drivers/STM32N6xx_HAL_Driver/stm32n6xx_hal_rcc_ex.o
 .text.RCCEx_GetFMCCLKFreq
                0x34188e18      0x16e ./Drivers/STM32N6xx_HAL_Driver/stm32n6xx_hal_rcc_ex.o
 *fill*         0x34188f86        0x2 
 .text.RCCEx_GetI2CCLKFreq
                0x34188f88      0x350 ./Drivers/STM32N6xx_HAL_Driver/stm32n6xx_hal_rcc_ex.o
 .text.RCCEx_GetI3CCLKFreq
                0x341892d8      0x268 ./Drivers/STM32N6xx_HAL_Driver/stm32n6xx_hal_rcc_ex.o
 .text.RCCEx_GetLPTIMCLKFreq
                0x34189540      0x354 ./Drivers/STM32N6xx_HAL_Driver/stm32n6xx_hal_rcc_ex.o
 .text.RCCEx_GetLPUARTCLKFreq
                0x34189894      0x204 ./Drivers/STM32N6xx_HAL_Driver/stm32n6xx_hal_rcc_ex.o
 .text.RCCEx_GetLTDCCLKFreq
                0x34189a98      0x114 ./Drivers/STM32N6xx_HAL_Driver/stm32n6xx_hal_rcc_ex.o
 .text.RCCEx_GetMDFCLKFreq
                0x34189bac      0x214 ./Drivers/STM32N6xx_HAL_Driver/stm32n6xx_hal_rcc_ex.o
 .text.RCCEx_GetPSSICLKFreq
                0x34189dc0      0x104 ./Drivers/STM32N6xx_HAL_Driver/stm32n6xx_hal_rcc_ex.o
 .text.RCCEx_GetRTCCLKFreq
                0x34189ec4       0xa4 ./Drivers/STM32N6xx_HAL_Driver/stm32n6xx_hal_rcc_ex.o
 .text.RCCEx_GetSAICLKFreq
                0x34189f68      0x2cc ./Drivers/STM32N6xx_HAL_Driver/stm32n6xx_hal_rcc_ex.o
 .text.RCCEx_GetSDMMCCLKFreq
                0x3418a234      0x1d4 ./Drivers/STM32N6xx_HAL_Driver/stm32n6xx_hal_rcc_ex.o
 .text.RCCEx_GetSPDIFRXCLKFreq
                0x3418a408      0x1c8 ./Drivers/STM32N6xx_HAL_Driver/stm32n6xx_hal_rcc_ex.o
 .text.RCCEx_GetSPICLKFreq
                0x3418a5d0      0x5a4 ./Drivers/STM32N6xx_HAL_Driver/stm32n6xx_hal_rcc_ex.o
 .text.RCCEx_GetUARTCLKFreq
                0x3418ab74      0x454 ./Drivers/STM32N6xx_HAL_Driver/stm32n6xx_hal_rcc_ex.o
 .text.RCCEx_GetUSARTCLKFreq
                0x3418afc8      0x454 ./Drivers/STM32N6xx_HAL_Driver/stm32n6xx_hal_rcc_ex.o
 .text.RCCEx_GetOTGPHYCLKFreq
                0x3418b41c      0x16c ./Drivers/STM32N6xx_HAL_Driver/stm32n6xx_hal_rcc_ex.o
 .text.RCCEx_GetOTGPHYCKREFCLKFreq
                0x3418b588       0xa0 ./Drivers/STM32N6xx_HAL_Driver/stm32n6xx_hal_rcc_ex.o
 .text.RCCEx_GetXSPICLKFreq
                0x3418b628      0x220 ./Drivers/STM32N6xx_HAL_Driver/stm32n6xx_hal_rcc_ex.o
 .text.HAL_UART_Init
                0x3418b848       0xa0 ./Drivers/STM32N6xx_HAL_Driver/stm32n6xx_hal_uart.o
                0x3418b848                HAL_UART_Init
 .text.HAL_UART_Transmit
                0x3418b8e8      0x11c ./Drivers/STM32N6xx_HAL_Driver/stm32n6xx_hal_uart.o
                0x3418b8e8                HAL_UART_Transmit
 .text.UART_SetConfig
                0x3418ba04      0x3d8 ./Drivers/STM32N6xx_HAL_Driver/stm32n6xx_hal_uart.o
                0x3418ba04                UART_SetConfig
 .text.UART_AdvFeatureConfig
                0x3418bddc      0x144 ./Drivers/STM32N6xx_HAL_Driver/stm32n6xx_hal_uart.o
                0x3418bddc                UART_AdvFeatureConfig
 .text.UART_CheckIdleState
                0x3418bf20      0x154 ./Drivers/STM32N6xx_HAL_Driver/stm32n6xx_hal_uart.o
                0x3418bf20                UART_CheckIdleState
 .text.UART_WaitOnFlagUntilTimeout
                0x3418c074       0xda ./Drivers/STM32N6xx_HAL_Driver/stm32n6xx_hal_uart.o
                0x3418c074                UART_WaitOnFlagUntilTimeout
 .text.UART_EndRxTransfer
                0x3418c14e       0xcc ./Drivers/STM32N6xx_HAL_Driver/stm32n6xx_hal_uart.o
 .text.HAL_UARTEx_DisableFifoMode
                0x3418c21a       0x72 ./Drivers/STM32N6xx_HAL_Driver/stm32n6xx_hal_uart_ex.o
                0x3418c21a                HAL_UARTEx_DisableFifoMode
 .text.HAL_UARTEx_SetTxFifoThreshold
                0x3418c28c       0x7c ./Drivers/STM32N6xx_HAL_Driver/stm32n6xx_hal_uart_ex.o
                0x3418c28c                HAL_UARTEx_SetTxFifoThreshold
 .text.HAL_UARTEx_SetRxFifoThreshold
                0x3418c308       0x7c ./Drivers/STM32N6xx_HAL_Driver/stm32n6xx_hal_uart_ex.o
                0x3418c308                HAL_UARTEx_SetRxFifoThreshold
 .text.UARTEx_SetNbDataToProcess
                0x3418c384       0x9c ./Drivers/STM32N6xx_HAL_Driver/stm32n6xx_hal_uart_ex.o
 .text.LL_AHB5_GRP1_IsEnabledClock
                0x3418c420       0x30 ./Drivers/STM32N6xx_HAL_Driver/stm32n6xx_hal_xspi.o
 .text.HAL_XSPI_Init
                0x3418c450      0x224 ./Drivers/STM32N6xx_HAL_Driver/stm32n6xx_hal_xspi.o
                0x3418c450                HAL_XSPI_Init
 .text.HAL_XSPI_Command
                0x3418c674      0x120 ./Drivers/STM32N6xx_HAL_Driver/stm32n6xx_hal_xspi.o
                0x3418c674                HAL_XSPI_Command
 .text.HAL_XSPI_Transmit
                0x3418c794       0xe6 ./Drivers/STM32N6xx_HAL_Driver/stm32n6xx_hal_xspi.o
                0x3418c794                HAL_XSPI_Transmit
 .text.HAL_XSPI_Receive
                0x3418c87a      0x146 ./Drivers/STM32N6xx_HAL_Driver/stm32n6xx_hal_xspi.o
                0x3418c87a                HAL_XSPI_Receive
 .text.HAL_XSPI_AutoPolling
                0x3418c9c0      0x114 ./Drivers/STM32N6xx_HAL_Driver/stm32n6xx_hal_xspi.o
                0x3418c9c0                HAL_XSPI_AutoPolling
 .text.HAL_XSPI_MemoryMapped
                0x3418cad4       0xd8 ./Drivers/STM32N6xx_HAL_Driver/stm32n6xx_hal_xspi.o
                0x3418cad4                HAL_XSPI_MemoryMapped
 .text.HAL_XSPI_Abort
                0x3418cbac      0x10e ./Drivers/STM32N6xx_HAL_Driver/stm32n6xx_hal_xspi.o
                0x3418cbac                HAL_XSPI_Abort
 .text.HAL_XSPI_SetTimeout
                0x3418ccba       0x1e ./Drivers/STM32N6xx_HAL_Driver/stm32n6xx_hal_xspi.o
                0x3418ccba                HAL_XSPI_SetTimeout
 .text.HAL_XSPIM_Config
                0x3418ccd8      0x258 ./Drivers/STM32N6xx_HAL_Driver/stm32n6xx_hal_xspi.o
                0x3418ccd8                HAL_XSPIM_Config
 .text.XSPI_WaitFlagStateUntilTimeout
                0x3418cf30       0x6c ./Drivers/STM32N6xx_HAL_Driver/stm32n6xx_hal_xspi.o
 .text.XSPI_ConfigCmd
                0x3418cf9c      0x334 ./Drivers/STM32N6xx_HAL_Driver/stm32n6xx_hal_xspi.o
 .text.XSPIM_GetConfig
                0x3418d2d0       0xc8 ./Drivers/STM32N6xx_HAL_Driver/stm32n6xx_hal_xspi.o
 .text.BOOT_Application
                0x3418d398       0x34 ./Middlewares/ST/STM32_ExtMem_Manager/stm32_boot_lrun.o
                0x3418d398                BOOT_Application
 .text.MapMemory
                0x3418d3cc       0x64 ./Middlewares/ST/STM32_ExtMem_Manager/stm32_boot_lrun.o
                0x3418d3cc                MapMemory
 .text.CopyApplication
                0x3418d430       0x94 ./Middlewares/ST/STM32_ExtMem_Manager/stm32_boot_lrun.o
                0x3418d430                CopyApplication
 .text.JumpToApplication
                0x3418d4c4      0x128 ./Middlewares/ST/STM32_ExtMem_Manager/stm32_boot_lrun.o
                0x3418d4c4                JumpToApplication
 .text.BOOT_GetApplicationSize
                0x3418d5ec       0x18 ./Middlewares/ST/STM32_ExtMem_Manager/stm32_boot_lrun.o
                0x3418d5ec                BOOT_GetApplicationSize
 .text.BOOT_GetApplicationVectorTable
                0x3418d604       0x22 ./Middlewares/ST/STM32_ExtMem_Manager/stm32_boot_lrun.o
                0x3418d604                BOOT_GetApplicationVectorTable
 *fill*         0x3418d626        0x2 
 .text.EXTMEM_Init
                0x3418d628       0x84 ./Middlewares/ST/STM32_ExtMem_Manager/stm32_extmem.o
                0x3418d628                EXTMEM_Init
 .text.EXTMEM_Read
                0x3418d6ac       0x6c ./Middlewares/ST/STM32_ExtMem_Manager/stm32_extmem.o
                0x3418d6ac                EXTMEM_Read
 .text.EXTMEM_MemoryMappedMode
                0x3418d718       0x9c ./Middlewares/ST/STM32_ExtMem_Manager/stm32_extmem.o
                0x3418d718                EXTMEM_MemoryMappedMode
 .text.EXTMEM_GetMapAddress
                0x3418d7b4       0xc0 ./Middlewares/ST/STM32_ExtMem_Manager/stm32_extmem.o
                0x3418d7b4                EXTMEM_GetMapAddress
 .text.SAL_XSPI_SetClock
                0x3418d874       0x7e ./Middlewares/ST/STM32_ExtMem_Manager/stm32_sal_xspi.o
                0x3418d874                SAL_XSPI_SetClock
 .text.SAL_XSPI_Init
                0x3418d8f2       0x66 ./Middlewares/ST/STM32_ExtMem_Manager/stm32_sal_xspi.o
                0x3418d8f2                SAL_XSPI_Init
 .text.SAL_XSPI_MemoryConfig
                0x3418d958      0x2a4 ./Middlewares/ST/STM32_ExtMem_Manager/stm32_sal_xspi.o
                0x3418d958                SAL_XSPI_MemoryConfig
 .text.SAL_XSPI_GetSFDP
                0x3418dbfc       0xb8 ./Middlewares/ST/STM32_ExtMem_Manager/stm32_sal_xspi.o
                0x3418dbfc                SAL_XSPI_GetSFDP
 .text.SAL_XSPI_GetId
                0x3418dcb4       0xa6 ./Middlewares/ST/STM32_ExtMem_Manager/stm32_sal_xspi.o
                0x3418dcb4                SAL_XSPI_GetId
 .text.SAL_XSPI_Read
                0x3418dd5a       0xd0 ./Middlewares/ST/STM32_ExtMem_Manager/stm32_sal_xspi.o
                0x3418dd5a                SAL_XSPI_Read
 .text.SAL_XSPI_Write
                0x3418de2a       0x92 ./Middlewares/ST/STM32_ExtMem_Manager/stm32_sal_xspi.o
                0x3418de2a                SAL_XSPI_Write
 .text.SAL_XSPI_CommandSendData
                0x3418debc       0xa8 ./Middlewares/ST/STM32_ExtMem_Manager/stm32_sal_xspi.o
                0x3418debc                SAL_XSPI_CommandSendData
 .text.SAL_XSPI_SendReadCommand
                0x3418df64       0xa8 ./Middlewares/ST/STM32_ExtMem_Manager/stm32_sal_xspi.o
                0x3418df64                SAL_XSPI_SendReadCommand
 .text.SAL_XSPI_CommandSendReadAddress
                0x3418e00c       0x9a ./Middlewares/ST/STM32_ExtMem_Manager/stm32_sal_xspi.o
                0x3418e00c                SAL_XSPI_CommandSendReadAddress
 .text.SAL_XSPI_CheckStatusRegister
                0x3418e0a6       0xd8 ./Middlewares/ST/STM32_ExtMem_Manager/stm32_sal_xspi.o
                0x3418e0a6                SAL_XSPI_CheckStatusRegister
 .text.SAL_XSPI_EnableMapMode
                0x3418e17e       0xf2 ./Middlewares/ST/STM32_ExtMem_Manager/stm32_sal_xspi.o
                0x3418e17e                SAL_XSPI_EnableMapMode
 .text.SAL_XSPI_DisableMapMode
                0x3418e270       0x22 ./Middlewares/ST/STM32_ExtMem_Manager/stm32_sal_xspi.o
                0x3418e270                SAL_XSPI_DisableMapMode
 .text.SAL_XSPI_UpdateMemoryType
                0x3418e292       0x70 ./Middlewares/ST/STM32_ExtMem_Manager/stm32_sal_xspi.o
                0x3418e292                SAL_XSPI_UpdateMemoryType
 .text.SAL_XSPI_Abort
                0x3418e302       0x1c ./Middlewares/ST/STM32_ExtMem_Manager/stm32_sal_xspi.o
                0x3418e302                SAL_XSPI_Abort
 .text.XSPI_FormatCommand
                0x3418e31e       0x52 ./Middlewares/ST/STM32_ExtMem_Manager/stm32_sal_xspi.o
                0x3418e31e                XSPI_FormatCommand
 .text.XSPI_Transmit
                0x3418e370       0x26 ./Middlewares/ST/STM32_ExtMem_Manager/stm32_sal_xspi.o
                0x3418e370                XSPI_Transmit
 .text.XSPI_Receive
                0x3418e396       0x26 ./Middlewares/ST/STM32_ExtMem_Manager/stm32_sal_xspi.o
                0x3418e396                XSPI_Receive
 .text.SFDP_ReadHeader
                0x3418e3bc       0x7a ./Middlewares/ST/STM32_ExtMem_Manager/stm32_sfdp_data.o
                0x3418e3bc                SFDP_ReadHeader
 *fill*         0x3418e436        0x2 
 .text.SFDP_GetHeader
                0x3418e438       0xbc ./Middlewares/ST/STM32_ExtMem_Manager/stm32_sfdp_data.o
                0x3418e438                SFDP_GetHeader
 .text.SFDP_CollectData
                0x3418e4f4      0x1b8 ./Middlewares/ST/STM32_ExtMem_Manager/stm32_sfdp_data.o
                0x3418e4f4                SFDP_CollectData
 .text.SFDP_MemoryReset
                0x3418e6ac      0x1b8 ./Middlewares/ST/STM32_ExtMem_Manager/stm32_sfdp_data.o
                0x3418e6ac                SFDP_MemoryReset
 .text.SFDP_BuildGenericDriver
                0x3418e864      0xb6c ./Middlewares/ST/STM32_ExtMem_Manager/stm32_sfdp_data.o
                0x3418e864                SFDP_BuildGenericDriver
 .text.driver_check_FlagBUSY
                0x3418f3d0       0x72 ./Middlewares/ST/STM32_ExtMem_Manager/stm32_sfdp_data.o
                0x3418f3d0                driver_check_FlagBUSY
 *fill*         0x3418f442        0x2 
 .text.sfdp_getfrequencevalue
                0x3418f444       0x4c ./Middlewares/ST/STM32_ExtMem_Manager/stm32_sfdp_data.o
                0x3418f444                sfdp_getfrequencevalue
 .text.sfdp_get_paraminfo
                0x3418f490      0x1e8 ./Middlewares/ST/STM32_ExtMem_Manager/stm32_sfdp_data.o
                0x3418f490                sfdp_get_paraminfo
 .text.sfpd_enter_octal_mode
                0x3418f678      0x1dc ./Middlewares/ST/STM32_ExtMem_Manager/stm32_sfdp_data.o
                0x3418f678                sfpd_enter_octal_mode
 .text.sfpd_set_dummycycle
                0x3418f854      0x1c8 ./Middlewares/ST/STM32_ExtMem_Manager/stm32_sfdp_data.o
                0x3418f854                sfpd_set_dummycycle
 .text.JEDEC_Basic_ManageQuadEnableRequierement
                0x3418fa1c      0x174 ./Middlewares/ST/STM32_ExtMem_Manager/stm32_sfdp_data.o
                0x3418fa1c                JEDEC_Basic_ManageQuadEnableRequierement
 .text.JEDEC_Basic_Manage4S4S4SEnableSequence
                0x3418fb90       0x7c ./Middlewares/ST/STM32_ExtMem_Manager/stm32_sfdp_data.o
                0x3418fb90                JEDEC_Basic_Manage4S4S4SEnableSequence
 .text.CheckSFDP_Signature
                0x3418fc0c       0x54 ./Middlewares/ST/STM32_ExtMem_Manager/stm32_sfdp_data.o
                0x3418fc0c                CheckSFDP_Signature
 .text.EXTMEM_DRIVER_NOR_SFDP_Init
                0x3418fc60      0x174 ./Middlewares/ST/STM32_ExtMem_Manager/stm32_sfdp_driver.o
                0x3418fc60                EXTMEM_DRIVER_NOR_SFDP_Init
 .text.EXTMEM_DRIVER_NOR_SFDP_Read
                0x3418fdd4       0x5a ./Middlewares/ST/STM32_ExtMem_Manager/stm32_sfdp_driver.o
                0x3418fdd4                EXTMEM_DRIVER_NOR_SFDP_Read
 .text.EXTMEM_DRIVER_NOR_SFDP_Enable_MemoryMappedMode
                0x3418fe2e       0x42 ./Middlewares/ST/STM32_ExtMem_Manager/stm32_sfdp_driver.o
                0x3418fe2e                EXTMEM_DRIVER_NOR_SFDP_Enable_MemoryMappedMode
 .text.EXTMEM_DRIVER_NOR_SFDP_Disable_MemoryMappedMode
                0x3418fe70       0x2c ./Middlewares/ST/STM32_ExtMem_Manager/stm32_sfdp_driver.o
                0x3418fe70                EXTMEM_DRIVER_NOR_SFDP_Disable_MemoryMappedMode
 .text._write   0x3418fe9c       0x2c ./Middlewares/STDIO/Compiler/I O/STDOUT/USART/stdout_usart.o
                0x3418fe9c                _write
 .text.std      0x3418fec8       0x6c C:/ST/STM32CubeIDE_1.17.0/STM32CubeIDE/plugins/com.st.stm32cube.ide.mcu.externaltools.gnu-tools-for-stm32.12.3.rel1.win32_1.1.0.202410251130/tools/bin/../lib/gcc/arm-none-eabi/12.3.1/../../../../arm-none-eabi/lib/thumb/v8-m.main+dp/hard\libc_nano.a(libc_a-findfp.o)
 .text.stdio_exit_handler
                0x3418ff34       0x18 C:/ST/STM32CubeIDE_1.17.0/STM32CubeIDE/plugins/com.st.stm32cube.ide.mcu.externaltools.gnu-tools-for-stm32.12.3.rel1.win32_1.1.0.202410251130/tools/bin/../lib/gcc/arm-none-eabi/12.3.1/../../../../arm-none-eabi/lib/thumb/v8-m.main+dp/hard\libc_nano.a(libc_a-findfp.o)
 .text.cleanup_stdio
                0x3418ff4c       0x40 C:/ST/STM32CubeIDE_1.17.0/STM32CubeIDE/plugins/com.st.stm32cube.ide.mcu.externaltools.gnu-tools-for-stm32.12.3.rel1.win32_1.1.0.202410251130/tools/bin/../lib/gcc/arm-none-eabi/12.3.1/../../../../arm-none-eabi/lib/thumb/v8-m.main+dp/hard\libc_nano.a(libc_a-findfp.o)
 .text.global_stdio_init.part.0
                0x3418ff8c       0x3c C:/ST/STM32CubeIDE_1.17.0/STM32CubeIDE/plugins/com.st.stm32cube.ide.mcu.externaltools.gnu-tools-for-stm32.12.3.rel1.win32_1.1.0.202410251130/tools/bin/../lib/gcc/arm-none-eabi/12.3.1/../../../../arm-none-eabi/lib/thumb/v8-m.main+dp/hard\libc_nano.a(libc_a-findfp.o)
 .text.__sfp_lock_acquire
                0x3418ffc8        0xc C:/ST/STM32CubeIDE_1.17.0/STM32CubeIDE/plugins/com.st.stm32cube.ide.mcu.externaltools.gnu-tools-for-stm32.12.3.rel1.win32_1.1.0.202410251130/tools/bin/../lib/gcc/arm-none-eabi/12.3.1/../../../../arm-none-eabi/lib/thumb/v8-m.main+dp/hard\libc_nano.a(libc_a-findfp.o)
                0x3418ffc8                __sfp_lock_acquire
 .text.__sfp_lock_release
                0x3418ffd4        0xc C:/ST/STM32CubeIDE_1.17.0/STM32CubeIDE/plugins/com.st.stm32cube.ide.mcu.externaltools.gnu-tools-for-stm32.12.3.rel1.win32_1.1.0.202410251130/tools/bin/../lib/gcc/arm-none-eabi/12.3.1/../../../../arm-none-eabi/lib/thumb/v8-m.main+dp/hard\libc_nano.a(libc_a-findfp.o)
                0x3418ffd4                __sfp_lock_release
 .text.__sinit  0x3418ffe0       0x30 C:/ST/STM32CubeIDE_1.17.0/STM32CubeIDE/plugins/com.st.stm32cube.ide.mcu.externaltools.gnu-tools-for-stm32.12.3.rel1.win32_1.1.0.202410251130/tools/bin/../lib/gcc/arm-none-eabi/12.3.1/../../../../arm-none-eabi/lib/thumb/v8-m.main+dp/hard\libc_nano.a(libc_a-findfp.o)
                0x3418ffe0                __sinit
 .text._fwalk_sglue
                0x34190010       0x3c C:/ST/STM32CubeIDE_1.17.0/STM32CubeIDE/plugins/com.st.stm32cube.ide.mcu.externaltools.gnu-tools-for-stm32.12.3.rel1.win32_1.1.0.202410251130/tools/bin/../lib/gcc/arm-none-eabi/12.3.1/../../../../arm-none-eabi/lib/thumb/v8-m.main+dp/hard\libc_nano.a(libc_a-fwalk.o)
                0x34190010                _fwalk_sglue
 .text._puts_r  0x3419004c       0xaa C:/ST/STM32CubeIDE_1.17.0/STM32CubeIDE/plugins/com.st.stm32cube.ide.mcu.externaltools.gnu-tools-for-stm32.12.3.rel1.win32_1.1.0.202410251130/tools/bin/../lib/gcc/arm-none-eabi/12.3.1/../../../../arm-none-eabi/lib/thumb/v8-m.main+dp/hard\libc_nano.a(libc_a-puts.o)
                0x3419004c                _puts_r
 *fill*         0x341900f6        0x2 
 .text.puts     0x341900f8       0x10 C:/ST/STM32CubeIDE_1.17.0/STM32CubeIDE/plugins/com.st.stm32cube.ide.mcu.externaltools.gnu-tools-for-stm32.12.3.rel1.win32_1.1.0.202410251130/tools/bin/../lib/gcc/arm-none-eabi/12.3.1/../../../../arm-none-eabi/lib/thumb/v8-m.main+dp/hard\libc_nano.a(libc_a-puts.o)
                0x341900f8                puts
 .text.__sread  0x34190108       0x22 C:/ST/STM32CubeIDE_1.17.0/STM32CubeIDE/plugins/com.st.stm32cube.ide.mcu.externaltools.gnu-tools-for-stm32.12.3.rel1.win32_1.1.0.202410251130/tools/bin/../lib/gcc/arm-none-eabi/12.3.1/../../../../arm-none-eabi/lib/thumb/v8-m.main+dp/hard\libc_nano.a(libc_a-stdio.o)
                0x34190108                __sread
 .text.__swrite
                0x3419012a       0x38 C:/ST/STM32CubeIDE_1.17.0/STM32CubeIDE/plugins/com.st.stm32cube.ide.mcu.externaltools.gnu-tools-for-stm32.12.3.rel1.win32_1.1.0.202410251130/tools/bin/../lib/gcc/arm-none-eabi/12.3.1/../../../../arm-none-eabi/lib/thumb/v8-m.main+dp/hard\libc_nano.a(libc_a-stdio.o)
                0x3419012a                __swrite
 .text.__sseek  0x34190162       0x24 C:/ST/STM32CubeIDE_1.17.0/STM32CubeIDE/plugins/com.st.stm32cube.ide.mcu.externaltools.gnu-tools-for-stm32.12.3.rel1.win32_1.1.0.202410251130/tools/bin/../lib/gcc/arm-none-eabi/12.3.1/../../../../arm-none-eabi/lib/thumb/v8-m.main+dp/hard\libc_nano.a(libc_a-stdio.o)
                0x34190162                __sseek
 .text.__sclose
                0x34190186        0x8 C:/ST/STM32CubeIDE_1.17.0/STM32CubeIDE/plugins/com.st.stm32cube.ide.mcu.externaltools.gnu-tools-for-stm32.12.3.rel1.win32_1.1.0.202410251130/tools/bin/../lib/gcc/arm-none-eabi/12.3.1/../../../../arm-none-eabi/lib/thumb/v8-m.main+dp/hard\libc_nano.a(libc_a-stdio.o)
                0x34190186                __sclose
 .text.__swbuf_r
                0x3419018e       0x7c C:/ST/STM32CubeIDE_1.17.0/STM32CubeIDE/plugins/com.st.stm32cube.ide.mcu.externaltools.gnu-tools-for-stm32.12.3.rel1.win32_1.1.0.202410251130/tools/bin/../lib/gcc/arm-none-eabi/12.3.1/../../../../arm-none-eabi/lib/thumb/v8-m.main+dp/hard\libc_nano.a(libc_a-wbuf.o)
                0x3419018e                __swbuf_r
 *fill*         0x3419020a        0x2 
 .text.__swsetup_r
                0x3419020c       0xac C:/ST/STM32CubeIDE_1.17.0/STM32CubeIDE/plugins/com.st.stm32cube.ide.mcu.externaltools.gnu-tools-for-stm32.12.3.rel1.win32_1.1.0.202410251130/tools/bin/../lib/gcc/arm-none-eabi/12.3.1/../../../../arm-none-eabi/lib/thumb/v8-m.main+dp/hard\libc_nano.a(libc_a-wsetup.o)
                0x3419020c                __swsetup_r
 .text.memset   0x341902b8       0x10 C:/ST/STM32CubeIDE_1.17.0/STM32CubeIDE/plugins/com.st.stm32cube.ide.mcu.externaltools.gnu-tools-for-stm32.12.3.rel1.win32_1.1.0.202410251130/tools/bin/../lib/gcc/arm-none-eabi/12.3.1/../../../../arm-none-eabi/lib/thumb/v8-m.main+dp/hard\libc_nano.a(libc_a-memset.o)
                0x341902b8                memset
 .text._close_r
                0x341902c8       0x20 C:/ST/STM32CubeIDE_1.17.0/STM32CubeIDE/plugins/com.st.stm32cube.ide.mcu.externaltools.gnu-tools-for-stm32.12.3.rel1.win32_1.1.0.202410251130/tools/bin/../lib/gcc/arm-none-eabi/12.3.1/../../../../arm-none-eabi/lib/thumb/v8-m.main+dp/hard\libc_nano.a(libc_a-closer.o)
                0x341902c8                _close_r
 .text._lseek_r
                0x341902e8       0x24 C:/ST/STM32CubeIDE_1.17.0/STM32CubeIDE/plugins/com.st.stm32cube.ide.mcu.externaltools.gnu-tools-for-stm32.12.3.rel1.win32_1.1.0.202410251130/tools/bin/../lib/gcc/arm-none-eabi/12.3.1/../../../../arm-none-eabi/lib/thumb/v8-m.main+dp/hard\libc_nano.a(libc_a-lseekr.o)
                0x341902e8                _lseek_r
 .text._read_r  0x3419030c       0x24 C:/ST/STM32CubeIDE_1.17.0/STM32CubeIDE/plugins/com.st.stm32cube.ide.mcu.externaltools.gnu-tools-for-stm32.12.3.rel1.win32_1.1.0.202410251130/tools/bin/../lib/gcc/arm-none-eabi/12.3.1/../../../../arm-none-eabi/lib/thumb/v8-m.main+dp/hard\libc_nano.a(libc_a-readr.o)
                0x3419030c                _read_r
 .text._write_r
                0x34190330       0x24 C:/ST/STM32CubeIDE_1.17.0/STM32CubeIDE/plugins/com.st.stm32cube.ide.mcu.externaltools.gnu-tools-for-stm32.12.3.rel1.win32_1.1.0.202410251130/tools/bin/../lib/gcc/arm-none-eabi/12.3.1/../../../../arm-none-eabi/lib/thumb/v8-m.main+dp/hard\libc_nano.a(libc_a-writer.o)
                0x34190330                _write_r
 .text.__errno  0x34190354        0xc C:/ST/STM32CubeIDE_1.17.0/STM32CubeIDE/plugins/com.st.stm32cube.ide.mcu.externaltools.gnu-tools-for-stm32.12.3.rel1.win32_1.1.0.202410251130/tools/bin/../lib/gcc/arm-none-eabi/12.3.1/../../../../arm-none-eabi/lib/thumb/v8-m.main+dp/hard\libc_nano.a(libc_a-errno.o)
                0x34190354                __errno
 .text.__libc_init_array
                0x34190360       0x48 C:/ST/STM32CubeIDE_1.17.0/STM32CubeIDE/plugins/com.st.stm32cube.ide.mcu.externaltools.gnu-tools-for-stm32.12.3.rel1.win32_1.1.0.202410251130/tools/bin/../lib/gcc/arm-none-eabi/12.3.1/../../../../arm-none-eabi/lib/thumb/v8-m.main+dp/hard\libc_nano.a(libc_a-init.o)
                0x34190360                __libc_init_array
 .text.__retarget_lock_init_recursive
                0x341903a8        0x2 C:/ST/STM32CubeIDE_1.17.0/STM32CubeIDE/plugins/com.st.stm32cube.ide.mcu.externaltools.gnu-tools-for-stm32.12.3.rel1.win32_1.1.0.202410251130/tools/bin/../lib/gcc/arm-none-eabi/12.3.1/../../../../arm-none-eabi/lib/thumb/v8-m.main+dp/hard\libc_nano.a(libc_a-lock.o)
                0x341903a8                __retarget_lock_init_recursive
 .text.__retarget_lock_acquire_recursive
                0x341903aa        0x2 C:/ST/STM32CubeIDE_1.17.0/STM32CubeIDE/plugins/com.st.stm32cube.ide.mcu.externaltools.gnu-tools-for-stm32.12.3.rel1.win32_1.1.0.202410251130/tools/bin/../lib/gcc/arm-none-eabi/12.3.1/../../../../arm-none-eabi/lib/thumb/v8-m.main+dp/hard\libc_nano.a(libc_a-lock.o)
                0x341903aa                __retarget_lock_acquire_recursive
 .text.__retarget_lock_release_recursive
                0x341903ac        0x2 C:/ST/STM32CubeIDE_1.17.0/STM32CubeIDE/plugins/com.st.stm32cube.ide.mcu.externaltools.gnu-tools-for-stm32.12.3.rel1.win32_1.1.0.202410251130/tools/bin/../lib/gcc/arm-none-eabi/12.3.1/../../../../arm-none-eabi/lib/thumb/v8-m.main+dp/hard\libc_nano.a(libc_a-lock.o)
                0x341903ac                __retarget_lock_release_recursive
 .text.memcpy   0x341903ae       0x1a C:/ST/STM32CubeIDE_1.17.0/STM32CubeIDE/plugins/com.st.stm32cube.ide.mcu.externaltools.gnu-tools-for-stm32.12.3.rel1.win32_1.1.0.202410251130/tools/bin/../lib/gcc/arm-none-eabi/12.3.1/../../../../arm-none-eabi/lib/thumb/v8-m.main+dp/hard\libc_nano.a(libc_a-memcpy-stub.o)
                0x341903ae                memcpy
 .text._free_r  0x341903c8       0x94 C:/ST/STM32CubeIDE_1.17.0/STM32CubeIDE/plugins/com.st.stm32cube.ide.mcu.externaltools.gnu-tools-for-stm32.12.3.rel1.win32_1.1.0.202410251130/tools/bin/../lib/gcc/arm-none-eabi/12.3.1/../../../../arm-none-eabi/lib/thumb/v8-m.main+dp/hard\libc_nano.a(libc_a-freer.o)
                0x341903c8                _free_r
 .text.sbrk_aligned
                0x3419045c       0x44 C:/ST/STM32CubeIDE_1.17.0/STM32CubeIDE/plugins/com.st.stm32cube.ide.mcu.externaltools.gnu-tools-for-stm32.12.3.rel1.win32_1.1.0.202410251130/tools/bin/../lib/gcc/arm-none-eabi/12.3.1/../../../../arm-none-eabi/lib/thumb/v8-m.main+dp/hard\libc_nano.a(libc_a-mallocr.o)
 .text._malloc_r
                0x341904a0      0x100 C:/ST/STM32CubeIDE_1.17.0/STM32CubeIDE/plugins/com.st.stm32cube.ide.mcu.externaltools.gnu-tools-for-stm32.12.3.rel1.win32_1.1.0.202410251130/tools/bin/../lib/gcc/arm-none-eabi/12.3.1/../../../../arm-none-eabi/lib/thumb/v8-m.main+dp/hard\libc_nano.a(libc_a-mallocr.o)
                0x341904a0                _malloc_r
 .text.__malloc_lock
                0x341905a0        0xc C:/ST/STM32CubeIDE_1.17.0/STM32CubeIDE/plugins/com.st.stm32cube.ide.mcu.externaltools.gnu-tools-for-stm32.12.3.rel1.win32_1.1.0.202410251130/tools/bin/../lib/gcc/arm-none-eabi/12.3.1/../../../../arm-none-eabi/lib/thumb/v8-m.main+dp/hard\libc_nano.a(libc_a-mlock.o)
                0x341905a0                __malloc_lock
 .text.__malloc_unlock
                0x341905ac        0xc C:/ST/STM32CubeIDE_1.17.0/STM32CubeIDE/plugins/com.st.stm32cube.ide.mcu.externaltools.gnu-tools-for-stm32.12.3.rel1.win32_1.1.0.202410251130/tools/bin/../lib/gcc/arm-none-eabi/12.3.1/../../../../arm-none-eabi/lib/thumb/v8-m.main+dp/hard\libc_nano.a(libc_a-mlock.o)
                0x341905ac                __malloc_unlock
 .text.__sflush_r
                0x341905b8      0x108 C:/ST/STM32CubeIDE_1.17.0/STM32CubeIDE/plugins/com.st.stm32cube.ide.mcu.externaltools.gnu-tools-for-stm32.12.3.rel1.win32_1.1.0.202410251130/tools/bin/../lib/gcc/arm-none-eabi/12.3.1/../../../../arm-none-eabi/lib/thumb/v8-m.main+dp/hard\libc_nano.a(libc_a-fflush.o)
                0x341905b8                __sflush_r
 .text._fflush_r
                0x341906c0       0x50 C:/ST/STM32CubeIDE_1.17.0/STM32CubeIDE/plugins/com.st.stm32cube.ide.mcu.externaltools.gnu-tools-for-stm32.12.3.rel1.win32_1.1.0.202410251130/tools/bin/../lib/gcc/arm-none-eabi/12.3.1/../../../../arm-none-eabi/lib/thumb/v8-m.main+dp/hard\libc_nano.a(libc_a-fflush.o)
                0x341906c0                _fflush_r
 .text.__swhatbuf_r
                0x34190710       0x4a C:/ST/STM32CubeIDE_1.17.0/STM32CubeIDE/plugins/com.st.stm32cube.ide.mcu.externaltools.gnu-tools-for-stm32.12.3.rel1.win32_1.1.0.202410251130/tools/bin/../lib/gcc/arm-none-eabi/12.3.1/../../../../arm-none-eabi/lib/thumb/v8-m.main+dp/hard\libc_nano.a(libc_a-makebuf.o)
                0x34190710                __swhatbuf_r
 .text.__smakebuf_r
                0x3419075a       0x78 C:/ST/STM32CubeIDE_1.17.0/STM32CubeIDE/plugins/com.st.stm32cube.ide.mcu.externaltools.gnu-tools-for-stm32.12.3.rel1.win32_1.1.0.202410251130/tools/bin/../lib/gcc/arm-none-eabi/12.3.1/../../../../arm-none-eabi/lib/thumb/v8-m.main+dp/hard\libc_nano.a(libc_a-makebuf.o)
                0x3419075a                __smakebuf_r
 *fill*         0x341907d2        0x2 
 .text._fstat_r
                0x341907d4       0x24 C:/ST/STM32CubeIDE_1.17.0/STM32CubeIDE/plugins/com.st.stm32cube.ide.mcu.externaltools.gnu-tools-for-stm32.12.3.rel1.win32_1.1.0.202410251130/tools/bin/../lib/gcc/arm-none-eabi/12.3.1/../../../../arm-none-eabi/lib/thumb/v8-m.main+dp/hard\libc_nano.a(libc_a-fstatr.o)
                0x341907d4                _fstat_r
 .text._isatty_r
                0x341907f8       0x20 C:/ST/STM32CubeIDE_1.17.0/STM32CubeIDE/plugins/com.st.stm32cube.ide.mcu.externaltools.gnu-tools-for-stm32.12.3.rel1.win32_1.1.0.202410251130/tools/bin/../lib/gcc/arm-none-eabi/12.3.1/../../../../arm-none-eabi/lib/thumb/v8-m.main+dp/hard\libc_nano.a(libc_a-isattyr.o)
                0x341907f8                _isatty_r
 .text._sbrk_r  0x34190818       0x20 C:/ST/STM32CubeIDE_1.17.0/STM32CubeIDE/plugins/com.st.stm32cube.ide.mcu.externaltools.gnu-tools-for-stm32.12.3.rel1.win32_1.1.0.202410251130/tools/bin/../lib/gcc/arm-none-eabi/12.3.1/../../../../arm-none-eabi/lib/thumb/v8-m.main+dp/hard\libc_nano.a(libc_a-sbrkr.o)
                0x34190818                _sbrk_r
 *(.glue_7)
 .glue_7        0x34190838        0x0 linker stubs
 *(.glue_7t)
 .glue_7t       0x34190838        0x0 linker stubs
 *(.eh_frame)
 .eh_frame      0x34190838        0x0 C:/ST/STM32CubeIDE_1.17.0/STM32CubeIDE/plugins/com.st.stm32cube.ide.mcu.externaltools.gnu-tools-for-stm32.12.3.rel1.win32_1.1.0.202410251130/tools/bin/../lib/gcc/arm-none-eabi/12.3.1/thumb/v8-m.main+dp/hard/crtbegin.o
 *(.RamFunc)
 *(.RamFunc*)
 *(.init)
 .init          0x34190838        0x4 C:/ST/STM32CubeIDE_1.17.0/STM32CubeIDE/plugins/com.st.stm32cube.ide.mcu.externaltools.gnu-tools-for-stm32.12.3.rel1.win32_1.1.0.202410251130/tools/bin/../lib/gcc/arm-none-eabi/12.3.1/thumb/v8-m.main+dp/hard/crti.o
                0x34190838                _init
 .init          0x3419083c        0x8 C:/ST/STM32CubeIDE_1.17.0/STM32CubeIDE/plugins/com.st.stm32cube.ide.mcu.externaltools.gnu-tools-for-stm32.12.3.rel1.win32_1.1.0.202410251130/tools/bin/../lib/gcc/arm-none-eabi/12.3.1/thumb/v8-m.main+dp/hard/crtn.o
 *(.fini)
 .fini          0x34190844        0x4 C:/ST/STM32CubeIDE_1.17.0/STM32CubeIDE/plugins/com.st.stm32cube.ide.mcu.externaltools.gnu-tools-for-stm32.12.3.rel1.win32_1.1.0.202410251130/tools/bin/../lib/gcc/arm-none-eabi/12.3.1/thumb/v8-m.main+dp/hard/crti.o
                0x34190844                _fini
 .fini          0x34190848        0x8 C:/ST/STM32CubeIDE_1.17.0/STM32CubeIDE/plugins/com.st.stm32cube.ide.mcu.externaltools.gnu-tools-for-stm32.12.3.rel1.win32_1.1.0.202410251130/tools/bin/../lib/gcc/arm-none-eabi/12.3.1/thumb/v8-m.main+dp/hard/crtn.o
                0x34190850                        . = ALIGN (0x4)
                0x34190850                        _etext = .

.vfp11_veneer   0x34190850        0x0
 .vfp11_veneer  0x34190850        0x0 linker stubs

.v4_bx          0x34190850        0x0
 .v4_bx         0x34190850        0x0 linker stubs

.iplt           0x34190850        0x0
 .iplt          0x34190850        0x0 C:/ST/STM32CubeIDE_1.17.0/STM32CubeIDE/plugins/com.st.stm32cube.ide.mcu.externaltools.gnu-tools-for-stm32.12.3.rel1.win32_1.1.0.202410251130/tools/bin/../lib/gcc/arm-none-eabi/12.3.1/thumb/v8-m.main+dp/hard/crtbegin.o

.rodata         0x34190850       0x80
                0x34190850                        . = ALIGN (0x4)
 *(.rodata)
 .rodata        0x34190850       0x12 ./Core/Src/main.o
 *fill*         0x34190862        0x2 
 .rodata        0x34190864       0x2a ./Middlewares/ST/STM32_ExtMem_Manager/stm32_sfdp_data.o
 *(.rodata*)
 *fill*         0x3419088e        0x2 
 .rodata.UARTPrescTable
                0x34190890       0x18 ./Drivers/STM32N6xx_HAL_Driver/stm32n6xx_hal_uart.o
                0x34190890                UARTPrescTable
 .rodata.numerator.1
                0x341908a8        0x8 ./Drivers/STM32N6xx_HAL_Driver/stm32n6xx_hal_uart_ex.o
 .rodata.denominator.0
                0x341908b0        0x8 ./Drivers/STM32N6xx_HAL_Driver/stm32n6xx_hal_uart_ex.o
 .rodata.block_erase_unit.1
                0x341908b8        0x8 ./Middlewares/ST/STM32_ExtMem_Manager/stm32_sfdp_data.o
 .rodata.chip_erase_unit.0
                0x341908c0       0x10 ./Middlewares/ST/STM32_ExtMem_Manager/stm32_sfdp_data.o
                0x341908d0                        . = ALIGN (0x4)

.ARM.extab      0x341908d0        0x0
                0x341908d0                        . = ALIGN (0x4)
 *(.ARM.extab* .gnu.linkonce.armextab.*)
                0x341908d0                        . = ALIGN (0x4)

.ARM            0x341908d0        0x8
                0x341908d0                        . = ALIGN (0x4)
                0x341908d0                        __exidx_start = .
 *(.ARM.exidx*)
 .ARM.exidx     0x341908d0        0x8 C:/ST/STM32CubeIDE_1.17.0/STM32CubeIDE/plugins/com.st.stm32cube.ide.mcu.externaltools.gnu-tools-for-stm32.12.3.rel1.win32_1.1.0.202410251130/tools/bin/../lib/gcc/arm-none-eabi/12.3.1/thumb/v8-m.main+dp/hard\libgcc.a(_udivmoddi4.o)
                0x341908d8                        __exidx_end = .
                0x341908d8                        . = ALIGN (0x4)

.preinit_array  0x341908d8        0x0
                0x341908d8                        . = ALIGN (0x4)
                0x341908d8                        PROVIDE (__preinit_array_start = .)
 *(.preinit_array*)
                0x341908d8                        PROVIDE (__preinit_array_end = .)
                0x341908d8                        . = ALIGN (0x4)

.init_array     0x341908d8        0x4
                0x341908d8                        . = ALIGN (0x4)
                0x341908d8                        PROVIDE (__init_array_start = .)
 *(SORT_BY_NAME(.init_array.*))
 *(.init_array*)
 .init_array    0x341908d8        0x4 C:/ST/STM32CubeIDE_1.17.0/STM32CubeIDE/plugins/com.st.stm32cube.ide.mcu.externaltools.gnu-tools-for-stm32.12.3.rel1.win32_1.1.0.202410251130/tools/bin/../lib/gcc/arm-none-eabi/12.3.1/thumb/v8-m.main+dp/hard/crtbegin.o
                0x341908dc                        PROVIDE (__init_array_end = .)
                0x341908dc                        . = ALIGN (0x4)

.fini_array     0x341908dc        0x4
                0x341908dc                        . = ALIGN (0x4)
                [!provide]                        PROVIDE (__fini_array_start = .)
 *(SORT_BY_NAME(.fini_array.*))
 *(.fini_array*)
 .fini_array    0x341908dc        0x4 C:/ST/STM32CubeIDE_1.17.0/STM32CubeIDE/plugins/com.st.stm32cube.ide.mcu.externaltools.gnu-tools-for-stm32.12.3.rel1.win32_1.1.0.202410251130/tools/bin/../lib/gcc/arm-none-eabi/12.3.1/thumb/v8-m.main+dp/hard/crtbegin.o
                [!provide]                        PROVIDE (__fini_array_end = .)
                0x341908e0                        . = ALIGN (0x4)
                0x341908e0                        _sidata = LOADADDR (.data)

.rel.dyn        0x341908e0        0x0
 .rel.iplt      0x341908e0        0x0 C:/ST/STM32CubeIDE_1.17.0/STM32CubeIDE/plugins/com.st.stm32cube.ide.mcu.externaltools.gnu-tools-for-stm32.12.3.rel1.win32_1.1.0.202410251130/tools/bin/../lib/gcc/arm-none-eabi/12.3.1/thumb/v8-m.main+dp/hard/crtbegin.o

.data           0x341c0000       0x68 load address 0x341908e0
                0x341c0000                        . = ALIGN (0x4)
                0x341c0000                        _sdata = .
 *(.data)
 *(.data*)
 .data.SystemCoreClock
                0x341c0000        0x4 ./Core/Src/system_stm32n6xx_fsbl.o
                0x341c0000                SystemCoreClock
 .data.uwTickPrio
                0x341c0004        0x4 ./Drivers/STM32N6xx_HAL_Driver/stm32n6xx_hal.o
                0x341c0004                uwTickPrio
 .data.uwTickFreq
                0x341c0008        0x1 ./Drivers/STM32N6xx_HAL_Driver/stm32n6xx_hal.o
                0x341c0008                uwTickFreq
 *fill*         0x341c0009        0x3 
 .data.__sglue  0x341c000c        0xc C:/ST/STM32CubeIDE_1.17.0/STM32CubeIDE/plugins/com.st.stm32cube.ide.mcu.externaltools.gnu-tools-for-stm32.12.3.rel1.win32_1.1.0.202410251130/tools/bin/../lib/gcc/arm-none-eabi/12.3.1/../../../../arm-none-eabi/lib/thumb/v8-m.main+dp/hard\libc_nano.a(libc_a-findfp.o)
                0x341c000c                __sglue
 .data._impure_ptr
                0x341c0018        0x4 C:/ST/STM32CubeIDE_1.17.0/STM32CubeIDE/plugins/com.st.stm32cube.ide.mcu.externaltools.gnu-tools-for-stm32.12.3.rel1.win32_1.1.0.202410251130/tools/bin/../lib/gcc/arm-none-eabi/12.3.1/../../../../arm-none-eabi/lib/thumb/v8-m.main+dp/hard\libc_nano.a(libc_a-impure.o)
                0x341c0018                _impure_ptr
 .data._impure_data
                0x341c001c       0x4c C:/ST/STM32CubeIDE_1.17.0/STM32CubeIDE/plugins/com.st.stm32cube.ide.mcu.externaltools.gnu-tools-for-stm32.12.3.rel1.win32_1.1.0.202410251130/tools/bin/../lib/gcc/arm-none-eabi/12.3.1/../../../../arm-none-eabi/lib/thumb/v8-m.main+dp/hard\libc_nano.a(libc_a-impure.o)
                0x341c001c                _impure_data
                0x341c0068                        . = ALIGN (0x4)
                0x341c0068                        _edata = .

.igot.plt       0x341c0068        0x0 load address 0x34190948
 .igot.plt      0x341c0068        0x0 C:/ST/STM32CubeIDE_1.17.0/STM32CubeIDE/plugins/com.st.stm32cube.ide.mcu.externaltools.gnu-tools-for-stm32.12.3.rel1.win32_1.1.0.202410251130/tools/bin/../lib/gcc/arm-none-eabi/12.3.1/thumb/v8-m.main+dp/hard/crtbegin.o

.noncacheable   0x341c0068        0x0 load address 0x34190948
                0x341c0068                        . = ALIGN (0x8)
                0x341c0068                        __snoncacheable = .
 *(.noncacheable)
                0x341c0068                        . = ALIGN (0x8)
                0x341c0068                        __enoncacheable = .

.gnu.sgstubs    0x34190960       0x20
                0x34190960                        . = ALIGN (0x4)
 *(.gnu.sgstubs*)
                0x34190960                        . = ALIGN (0x4)
 .gnu.sgstubs.__stub
                0x34190960        0x8 linker stubs