C:/N6/HelloWorld/Middlewares/ST/ExpressLink/Src/ExpressLink.c:129:13:ExpressLink_EventCallback	16	static
C:/N6/HelloWorld/Middlewares/ST/ExpressLink/Src/ExpressLink.c:262:7:ExpressLink_Test	8	static
C:/N6/HelloWorld/Middlewares/ST/ExpressLink/Src/ExpressLink.c:272:6:ExpressLink_Reset	8	static
C:/N6/HelloWorld/Middlewares/ST/ExpressLink/Src/ExpressLink.c:288:7:ExpressLink_Connect	8	static
C:/N6/HelloWorld/Middlewares/ST/ExpressLink/Src/ExpressLink.c:297:7:ExpressLink_ConnectAsync	8	static
C:/N6/HelloWorld/Middlewares/ST/ExpressLink/Src/ExpressLink.c:306:7:ExpressLink_Disonnect	8	static
C:/N6/HelloWorld/Middlewares/ST/ExpressLink/Src/ExpressLink.c:316:7:ExpressLink_Sleep	16	static
C:/N6/HelloWorld/Middlewares/ST/ExpressLink/Src/ExpressLink.c:327:7:ExpressLink_SendMessage	24	static
C:/N6/HelloWorld/Middlewares/ST/ExpressLink/Src/ExpressLink.c:338:7:ExpressLink_SubscribeToTopic	16	static
C:/N6/HelloWorld/Middlewares/ST/ExpressLink/Src/ExpressLink.c:349:7:ExpressLink_UnsubscribeFromTopic	16	static
C:/N6/HelloWorld/Middlewares/ST/ExpressLink/Src/ExpressLink.c:361:5:ExpressLink_OTA_GetState	16	static
C:/N6/HelloWorld/Middlewares/ST/ExpressLink/Src/ExpressLink.c:374:7:ExpressLink_OTA_Accept	8	static
C:/N6/HelloWorld/Middlewares/ST/ExpressLink/Src/ExpressLink.c:383:7:ExpressLink_OTA_Apply	8	static
C:/N6/HelloWorld/Middlewares/ST/ExpressLink/Src/ExpressLink.c:392:7:ExpressLink_OTA_Close	8	static
C:/N6/HelloWorld/Middlewares/ST/ExpressLink/Src/ExpressLink.c:401:7:ExpressLink_OTA_Flush	8	static
C:/N6/HelloWorld/Middlewares/ST/ExpressLink/Src/ExpressLink.c:410:10:ExpressLink_OTA_Read	56	static
C:/N6/HelloWorld/Middlewares/ST/ExpressLink/Src/ExpressLink.c:452:7:ExpressLink_OTA_Seek	16	static
C:/N6/HelloWorld/Middlewares/ST/ExpressLink/Src/ExpressLink.c:471:6:ExpressLink_SetState	16	static
C:/N6/HelloWorld/Middlewares/ST/ExpressLink/Src/ExpressLink.c:480:7:ExpressLink_SetEndpoint	16	static
C:/N6/HelloWorld/Middlewares/ST/ExpressLink/Src/ExpressLink.c:491:7:ExpressLink_SetTopic	24	static
C:/N6/HelloWorld/Middlewares/ST/ExpressLink/Src/ExpressLink.c:502:7:ExpressLink_SetSSID	16	static
C:/N6/HelloWorld/Middlewares/ST/ExpressLink/Src/ExpressLink.c:513:7:ExpressLink_SetPassphrase	16	static
C:/N6/HelloWorld/Middlewares/ST/ExpressLink/Src/ExpressLink.c:524:7:ExpressLink_SetAPN	16	static
C:/N6/HelloWorld/Middlewares/ST/ExpressLink/Src/ExpressLink.c:535:7:ExpressLink_SetConfMode	8	static
C:/N6/HelloWorld/Middlewares/ST/ExpressLink/Src/ExpressLink.c:545:7:ExpressLink_SetDefenderPeriod	16	static
C:/N6/HelloWorld/Middlewares/ST/ExpressLink/Src/ExpressLink.c:556:7:ExpressLink_SetQoS	16	static
C:/N6/HelloWorld/Middlewares/ST/ExpressLink/Src/ExpressLink.c:567:7:ExpressLink_SetCustomName	16	static
C:/N6/HelloWorld/Middlewares/ST/ExpressLink/Src/ExpressLink.c:578:7:ExpressLink_ShadowEnable	8	static
C:/N6/HelloWorld/Middlewares/ST/ExpressLink/Src/ExpressLink.c:589:7:ExpressLink_ShadowDisable	8	static
C:/N6/HelloWorld/Middlewares/ST/ExpressLink/Src/ExpressLink.c:600:7:ExpressLink_ShadowSetToken	16	static
C:/N6/HelloWorld/Middlewares/ST/ExpressLink/Src/ExpressLink.c:612:7:ExpressLink_ShadowInit	16	static
C:/N6/HelloWorld/Middlewares/ST/ExpressLink/Src/ExpressLink.c:631:7:ExpressLink_ShadowSubscribe	16	static
C:/N6/HelloWorld/Middlewares/ST/ExpressLink/Src/ExpressLink.c:650:7:ExpressLink_ShadowUnSubscribe	16	static
C:/N6/HelloWorld/Middlewares/ST/ExpressLink/Src/ExpressLink.c:668:7:ExpressLink_ShadowSetTopic	24	static
C:/N6/HelloWorld/Middlewares/ST/ExpressLink/Src/ExpressLink.c:680:7:ExpressLink_ShadowGetDelta	16	static
C:/N6/HelloWorld/Middlewares/ST/ExpressLink/Src/ExpressLink.c:699:7:ExpressLink_ShadowDelete	16	static
C:/N6/HelloWorld/Middlewares/ST/ExpressLink/Src/ExpressLink.c:718:7:ExpressLink_ShadowGetDelete	16	static
C:/N6/HelloWorld/Middlewares/ST/ExpressLink/Src/ExpressLink.c:737:7:ExpressLink_ShadowDoc	16	static
C:/N6/HelloWorld/Middlewares/ST/ExpressLink/Src/ExpressLink.c:756:7:ExpressLink_ShadowGetDoc	16	static
C:/N6/HelloWorld/Middlewares/ST/ExpressLink/Src/ExpressLink.c:775:7:ExpressLink_ShadowUpdate	24	static
C:/N6/HelloWorld/Middlewares/ST/ExpressLink/Src/ExpressLink.c:794:7:ExpressLink_ShadowGetUpdate	16	static
C:/N6/HelloWorld/Middlewares/ST/ExpressLink/Src/ExpressLink.c:813:21:ExpressLink_GetState	4	static
C:/N6/HelloWorld/Middlewares/ST/ExpressLink/Src/ExpressLink.c:822:7:ExpressLink_GetTime	8	static
C:/N6/HelloWorld/Middlewares/ST/ExpressLink/Src/ExpressLink.c:831:7:ExpressLink_GetConnection	8	static
C:/N6/HelloWorld/Middlewares/ST/ExpressLink/Src/ExpressLink.c:840:7:ExpressLink_GetConf	16	static
C:/N6/HelloWorld/Middlewares/ST/ExpressLink/Src/ExpressLink.c:851:7:ExpressLink_GetThingName	16	static
C:/N6/HelloWorld/Middlewares/ST/ExpressLink/Src/ExpressLink.c:864:6:ExpressLink_GetTopic	24	static
C:/N6/HelloWorld/Middlewares/ST/ExpressLink/Src/ExpressLink.c:877:10:ExpressLink_GetMessage	32	static
C:/N6/HelloWorld/Middlewares/ST/ExpressLink/Src/ExpressLink.c:907:7:ExpressLink_GetMessageTopic	16	static
C:/N6/HelloWorld/Middlewares/ST/ExpressLink/Src/ExpressLink.c:918:21:ExpressLink_GetEvent	24	static
C:/N6/HelloWorld/Middlewares/ST/ExpressLink/Src/ExpressLink.c:979:7:expresslink_execute_command	32	static
C:/N6/HelloWorld/Middlewares/ST/ExpressLink/Src/ExpressLink.c:1015:12:get_int	24	static
C:/N6/HelloWorld/Middlewares/ST/ExpressLink/Src/ExpressLink.c:1040:12:get_index	24	static
